<?xml version="1.0"?>
<link_info>
   <banner>TI ARM Linker Unix v5.2.5</banner>
   <copyright>Copyright (c) 1996-2015 Texas Instruments Incorporated</copyright>
   <link_time>0x56a478cf</link_time>
   <link_errors>0x0</link_errors>
   <output_file>CAN_example.out</output_file>
   <entry_point>
      <name>_c_int00</name>
      <address>0x5d14</address>
   </entry_point>
   <input_file_list>
      <input_file id="fl-2">
         <path>./source/</path>
         <kind>object</kind>
         <file>can.obj</file>
         <name>can.obj</name>
      </input_file>
      <input_file id="fl-3">
         <path>./source/</path>
         <kind>object</kind>
         <file>dabort.obj</file>
         <name>dabort.obj</name>
      </input_file>
      <input_file id="fl-4">
         <path>./source/</path>
         <kind>object</kind>
         <file>esm.obj</file>
         <name>esm.obj</name>
      </input_file>
      <input_file id="fl-5">
         <path>./source/</path>
         <kind>object</kind>
         <file>notification.obj</file>
         <name>notification.obj</name>
      </input_file>
      <input_file id="fl-6">
         <path>./source/</path>
         <kind>object</kind>
         <file>pinmux.obj</file>
         <name>pinmux.obj</name>
      </input_file>
      <input_file id="fl-7">
         <path>./source/</path>
         <kind>object</kind>
         <file>sci.obj</file>
         <name>sci.obj</name>
      </input_file>
      <input_file id="fl-8">
         <path>./source/</path>
         <kind>object</kind>
         <file>sys_core.obj</file>
         <name>sys_core.obj</name>
      </input_file>
      <input_file id="fl-9">
         <path>./source/</path>
         <kind>object</kind>
         <file>sys_intvecs.obj</file>
         <name>sys_intvecs.obj</name>
      </input_file>
      <input_file id="fl-a">
         <path>./source/</path>
         <kind>object</kind>
         <file>sys_main.obj</file>
         <name>sys_main.obj</name>
      </input_file>
      <input_file id="fl-b">
         <path>./source/</path>
         <kind>object</kind>
         <file>sys_mpu.obj</file>
         <name>sys_mpu.obj</name>
      </input_file>
      <input_file id="fl-c">
         <path>./source/</path>
         <kind>object</kind>
         <file>sys_pcr.obj</file>
         <name>sys_pcr.obj</name>
      </input_file>
      <input_file id="fl-d">
         <path>./source/</path>
         <kind>object</kind>
         <file>sys_phantom.obj</file>
         <name>sys_phantom.obj</name>
      </input_file>
      <input_file id="fl-e">
         <path>./source/</path>
         <kind>object</kind>
         <file>sys_pmu.obj</file>
         <name>sys_pmu.obj</name>
      </input_file>
      <input_file id="fl-f">
         <path>./source/</path>
         <kind>object</kind>
         <file>sys_selftest.obj</file>
         <name>sys_selftest.obj</name>
      </input_file>
      <input_file id="fl-10">
         <path>./source/</path>
         <kind>object</kind>
         <file>sys_startup.obj</file>
         <name>sys_startup.obj</name>
      </input_file>
      <input_file id="fl-11">
         <path>./source/</path>
         <kind>object</kind>
         <file>sys_vim.obj</file>
         <name>sys_vim.obj</name>
      </input_file>
      <input_file id="fl-12">
         <path>./source/</path>
         <kind>object</kind>
         <file>system.obj</file>
         <name>system.obj</name>
      </input_file>
      <input_file id="fl-138">
         <path>/Applications/ti/ccsv6/tools/compiler/ti-cgt-arm_5.2.5/lib/</path>
         <kind>archive</kind>
         <file>rtsv7R4_A_le_eabi.lib</file>
         <name>autoinit.obj</name>
      </input_file>
      <input_file id="fl-139">
         <path>/Applications/ti/ccsv6/tools/compiler/ti-cgt-arm_5.2.5/lib/</path>
         <kind>archive</kind>
         <file>rtsv7R4_A_le_eabi.lib</file>
         <name>copy_decompress_none.obj</name>
      </input_file>
      <input_file id="fl-13a">
         <path>/Applications/ti/ccsv6/tools/compiler/ti-cgt-arm_5.2.5/lib/</path>
         <kind>archive</kind>
         <file>rtsv7R4_A_le_eabi.lib</file>
         <name>copy_decompress_rle.obj</name>
      </input_file>
      <input_file id="fl-13b">
         <path>/Applications/ti/ccsv6/tools/compiler/ti-cgt-arm_5.2.5/lib/</path>
         <kind>archive</kind>
         <file>rtsv7R4_A_le_eabi.lib</file>
         <name>copy_zero_init.obj</name>
      </input_file>
      <input_file id="fl-13c">
         <path>/Applications/ti/ccsv6/tools/compiler/ti-cgt-arm_5.2.5/lib/</path>
         <kind>archive</kind>
         <file>rtsv7R4_A_le_eabi.lib</file>
         <name>cpy_tbl.obj</name>
      </input_file>
      <input_file id="fl-13d">
         <path>/Applications/ti/ccsv6/tools/compiler/ti-cgt-arm_5.2.5/lib/</path>
         <kind>archive</kind>
         <file>rtsv7R4_A_le_eabi.lib</file>
         <name>exit.obj</name>
      </input_file>
      <input_file id="fl-13e">
         <path>/Applications/ti/ccsv6/tools/compiler/ti-cgt-arm_5.2.5/lib/</path>
         <kind>archive</kind>
         <file>rtsv7R4_A_le_eabi.lib</file>
         <name>fd_add32.obj</name>
      </input_file>
      <input_file id="fl-13f">
         <path>/Applications/ti/ccsv6/tools/compiler/ti-cgt-arm_5.2.5/lib/</path>
         <kind>archive</kind>
         <file>rtsv7R4_A_le_eabi.lib</file>
         <name>fd_div32.obj</name>
      </input_file>
      <input_file id="fl-140">
         <path>/Applications/ti/ccsv6/tools/compiler/ti-cgt-arm_5.2.5/lib/</path>
         <kind>archive</kind>
         <file>rtsv7R4_A_le_eabi.lib</file>
         <name>fd_tou32.obj</name>
      </input_file>
      <input_file id="fl-141">
         <path>/Applications/ti/ccsv6/tools/compiler/ti-cgt-arm_5.2.5/lib/</path>
         <kind>archive</kind>
         <file>rtsv7R4_A_le_eabi.lib</file>
         <name>ltoa.obj</name>
      </input_file>
      <input_file id="fl-142">
         <path>/Applications/ti/ccsv6/tools/compiler/ti-cgt-arm_5.2.5/lib/</path>
         <kind>archive</kind>
         <file>rtsv7R4_A_le_eabi.lib</file>
         <name>memcpy32.obj</name>
      </input_file>
      <input_file id="fl-143">
         <path>/Applications/ti/ccsv6/tools/compiler/ti-cgt-arm_5.2.5/lib/</path>
         <kind>archive</kind>
         <file>rtsv7R4_A_le_eabi.lib</file>
         <name>memset32.obj</name>
      </input_file>
      <input_file id="fl-144">
         <path>/Applications/ti/ccsv6/tools/compiler/ti-cgt-arm_5.2.5/lib/</path>
         <kind>archive</kind>
         <file>rtsv7R4_A_le_eabi.lib</file>
         <name>u_tofd32.obj</name>
      </input_file>
      <input_file id="fl-145">
         <path>/Applications/ti/ccsv6/tools/compiler/ti-cgt-arm_5.2.5/lib/</path>
         <kind>archive</kind>
         <file>rtsv7R4_A_le_eabi.lib</file>
         <name>_lock.obj</name>
      </input_file>
      <input_file id="fl-146">
         <path>/Applications/ti/ccsv6/tools/compiler/ti-cgt-arm_5.2.5/lib/</path>
         <kind>archive</kind>
         <file>rtsv7R4_A_le_eabi.lib</file>
         <name>i_div32.obj</name>
      </input_file>
      <input_file id="fl-147">
         <path>/Applications/ti/ccsv6/tools/compiler/ti-cgt-arm_5.2.5/lib/</path>
         <kind>archive</kind>
         <file>rtsv7R4_A_le_eabi.lib</file>
         <name>i_div0.obj</name>
      </input_file>
   </input_file_list>
   <object_component_list>
      <object_component id="oc-33">
         <name>.intvecs</name>
         <load_address>0x0</load_address>
         <run_address>0x0</run_address>
         <size>0x20</size>
         <input_file_ref idref="fl-9"/>
      </object_component>
      <object_component id="oc-7a">
         <name>.text</name>
         <load_address>0x20</load_address>
         <run_address>0x20</run_address>
         <size>0x24f0</size>
         <input_file_ref idref="fl-f"/>
      </object_component>
      <object_component id="oc-f9">
         <name>.text</name>
         <load_address>0x2510</load_address>
         <run_address>0x2510</run_address>
         <size>0xd2c</size>
         <input_file_ref idref="fl-2"/>
      </object_component>
      <object_component id="oc-74">
         <name>.text</name>
         <load_address>0x323c</load_address>
         <run_address>0x323c</run_address>
         <size>0xa64</size>
         <input_file_ref idref="fl-12"/>
      </object_component>
      <object_component id="oc-3f">
         <name>.text</name>
         <load_address>0x3ca0</load_address>
         <run_address>0x3ca0</run_address>
         <size>0x89c</size>
         <input_file_ref idref="fl-11"/>
      </object_component>
      <object_component id="oc-f3">
         <name>.text</name>
         <load_address>0x453c</load_address>
         <run_address>0x453c</run_address>
         <size>0x684</size>
         <input_file_ref idref="fl-7"/>
      </object_component>
      <object_component id="oc-80">
         <name>.text</name>
         <load_address>0x4bc0</load_address>
         <run_address>0x4bc0</run_address>
         <size>0x5e8</size>
         <input_file_ref idref="fl-4"/>
      </object_component>
      <object_component id="oc-8c">
         <name>.text</name>
         <load_address>0x51a8</load_address>
         <run_address>0x51a8</run_address>
         <size>0x3ac</size>
         <input_file_ref idref="fl-a"/>
      </object_component>
      <object_component id="oc-6f">
         <name>.text</name>
         <load_address>0x5554</load_address>
         <run_address>0x5554</run_address>
         <size>0x340</size>
         <input_file_ref idref="fl-8"/>
      </object_component>
      <object_component id="oc-3e">
         <name>.text:retain</name>
         <load_address>0x5894</load_address>
         <run_address>0x5894</run_address>
         <size>0x26c</size>
         <input_file_ref idref="fl-11"/>
      </object_component>
      <object_component id="oc-1a9">
         <name>.text</name>
         <load_address>0x5b00</load_address>
         <run_address>0x5b00</run_address>
         <size>0x214</size>
         <input_file_ref idref="fl-13e"/>
      </object_component>
      <object_component id="oc-1e">
         <name>.text:retain</name>
         <load_address>0x5d14</load_address>
         <run_address>0x5d14</run_address>
         <size>0x208</size>
         <input_file_ref idref="fl-10"/>
      </object_component>
      <object_component id="oc-24">
         <name>.text:retain</name>
         <load_address>0x5f1c</load_address>
         <run_address>0x5f1c</run_address>
         <size>0x1b0</size>
         <input_file_ref idref="fl-2"/>
      </object_component>
      <object_component id="oc-1a4">
         <name>.text</name>
         <load_address>0x60cc</load_address>
         <run_address>0x60cc</run_address>
         <size>0x190</size>
         <input_file_ref idref="fl-13f"/>
      </object_component>
      <object_component id="oc-4a">
         <name>.text</name>
         <load_address>0x625c</load_address>
         <run_address>0x625c</run_address>
         <size>0x180</size>
         <input_file_ref idref="fl-142"/>
      </object_component>
      <object_component id="oc-d5">
         <name>.text</name>
         <load_address>0x63dc</load_address>
         <run_address>0x63dc</run_address>
         <size>0x150</size>
         <input_file_ref idref="fl-6"/>
      </object_component>
      <object_component id="oc-99">
         <name>.text</name>
         <load_address>0x652c</load_address>
         <run_address>0x652c</run_address>
         <size>0x118</size>
         <input_file_ref idref="fl-5"/>
      </object_component>
      <object_component id="oc-dd">
         <name>.text</name>
         <load_address>0x6644</load_address>
         <run_address>0x6644</run_address>
         <size>0x110</size>
         <input_file_ref idref="fl-e"/>
      </object_component>
      <object_component id="oc-2d">
         <name>.text:retain</name>
         <load_address>0x6754</load_address>
         <run_address>0x6754</run_address>
         <size>0xec</size>
         <input_file_ref idref="fl-4"/>
      </object_component>
      <object_component id="oc-a9">
         <name>.text</name>
         <load_address>0x6840</load_address>
         <run_address>0x6840</run_address>
         <size>0xe8</size>
         <input_file_ref idref="fl-3"/>
      </object_component>
      <object_component id="oc-63">
         <name>.text</name>
         <load_address>0x6928</load_address>
         <run_address>0x6928</run_address>
         <size>0xb0</size>
         <input_file_ref idref="fl-143"/>
      </object_component>
      <object_component id="oc-86">
         <name>.text</name>
         <load_address>0x69d8</load_address>
         <run_address>0x69d8</run_address>
         <size>0xa4</size>
         <input_file_ref idref="fl-138"/>
      </object_component>
      <object_component id="oc-56">
         <name>.text</name>
         <load_address>0x6a7c</load_address>
         <run_address>0x6a7c</run_address>
         <size>0x9c</size>
         <input_file_ref idref="fl-13a"/>
      </object_component>
      <object_component id="oc-eb">
         <name>.text</name>
         <load_address>0x6b18</load_address>
         <run_address>0x6b18</run_address>
         <size>0x84</size>
         <input_file_ref idref="fl-13c"/>
      </object_component>
      <object_component id="oc-ff">
         <name>.text</name>
         <load_address>0x6b9c</load_address>
         <run_address>0x6b9c</run_address>
         <size>0x80</size>
         <input_file_ref idref="fl-141"/>
      </object_component>
      <object_component id="oc-92">
         <name>.text</name>
         <load_address>0x6c1c</load_address>
         <run_address>0x6c1c</run_address>
         <size>0x78</size>
         <input_file_ref idref="fl-13d"/>
      </object_component>
      <object_component id="oc-1ae">
         <name>.text</name>
         <load_address>0x6c94</load_address>
         <run_address>0x6c94</run_address>
         <size>0x5c</size>
         <input_file_ref idref="fl-140"/>
      </object_component>
      <object_component id="oc-1bd">
         <name>.text</name>
         <load_address>0x6cf0</load_address>
         <run_address>0x6cf0</run_address>
         <size>0x54</size>
         <input_file_ref idref="fl-146"/>
      </object_component>
      <object_component id="oc-19f">
         <name>.text</name>
         <load_address>0x6d44</load_address>
         <run_address>0x6d44</run_address>
         <size>0x34</size>
         <input_file_ref idref="fl-144"/>
      </object_component>
      <object_component id="oc-1d1">
         <name>.text</name>
         <load_address>0x6d78</load_address>
         <run_address>0x6d78</run_address>
         <size>0x24</size>
         <input_file_ref idref="fl-145"/>
      </object_component>
      <object_component id="oc-c">
         <name>.text:decompress:none</name>
         <load_address>0x6d9c</load_address>
         <run_address>0x6d9c</run_address>
         <size>0x14</size>
         <input_file_ref idref="fl-139"/>
      </object_component>
      <object_component id="oc-18">
         <name>.text:decompress:ZI</name>
         <load_address>0x6db0</load_address>
         <run_address>0x6db0</run_address>
         <size>0x10</size>
         <input_file_ref idref="fl-13b"/>
      </object_component>
      <object_component id="oc-12">
         <name>.text:decompress:rle24</name>
         <load_address>0x6dc0</load_address>
         <run_address>0x6dc0</run_address>
         <size>0x8</size>
         <input_file_ref idref="fl-13a"/>
      </object_component>
      <object_component id="oc-38">
         <name>.text:retain</name>
         <load_address>0x6dc8</load_address>
         <run_address>0x6dc8</run_address>
         <size>0x4</size>
         <input_file_ref idref="fl-d"/>
      </object_component>
      <object_component id="oc-202">
         <name>.text</name>
         <load_address>0x6dcc</load_address>
         <run_address>0x6dcc</run_address>
         <size>0x4</size>
         <input_file_ref idref="fl-147"/>
      </object_component>
      <object_component id="oc-2a">
         <name>.const:s_vim_init</name>
         <load_address>0x6dd0</load_address>
         <run_address>0x6dd0</run_address>
         <size>0x180</size>
         <input_file_ref idref="fl-11"/>
      </object_component>
      <object_component id="oc-237">
         <name>.cinit..data.load</name>
         <load_address>0x6f50</load_address>
         <run_address>0x6f50</run_address>
         <size>0x27</size>
      </object_component>
      <object_component id="oc-234">
         <name>__TI_handler_table</name>
         <load_address>0x6f78</load_address>
         <run_address>0x6f78</run_address>
         <size>0xc</size>
      </object_component>
      <object_component id="oc-236">
         <name>.cinit..bss.load</name>
         <load_address>0x6f88</load_address>
         <run_address>0x6f88</run_address>
         <size>0x8</size>
      </object_component>
      <object_component id="oc-235">
         <name>__TI_cinit_table</name>
         <load_address>0x6f90</load_address>
         <run_address>0x6f90</run_address>
         <size>0x10</size>
      </object_component>
      <object_component id="oc-1b3">
         <name>.common:g_sciTransfer_t</name>
         <uninitialized>true</uninitialized>
         <run_address>0x80015a8</run_address>
         <size>0x14</size>
      </object_component>
      <object_component id="oc-105">
         <name>.data</name>
         <load_address>0x8001580</load_address>
         <run_address>0x8001580</run_address>
         <size>0x18</size>
         <input_file_ref idref="fl-a"/>
      </object_component>
      <object_component id="oc-108">
         <name>.data:tx_data</name>
         <load_address>0x8001540</load_address>
         <run_address>0x8001540</run_address>
         <size>0x40</size>
         <input_file_ref idref="fl-a"/>
      </object_component>
      <object_component id="oc-10b">
         <name>.data:rx_data</name>
         <load_address>0x8001500</load_address>
         <run_address>0x8001500</run_address>
         <size>0x40</size>
         <input_file_ref idref="fl-a"/>
      </object_component>
      <object_component id="oc-118">
         <name>.data</name>
         <load_address>0x80015a0</load_address>
         <run_address>0x80015a0</run_address>
         <size>0x8</size>
         <input_file_ref idref="fl-13d"/>
      </object_component>
      <object_component id="oc-115">
         <name>.data</name>
         <load_address>0x8001598</load_address>
         <run_address>0x8001598</run_address>
         <size>0x8</size>
         <input_file_ref idref="fl-145"/>
      </object_component>
      <object_component id="oc-14b">
         <name>.debug_info</name>
         <load_address>0x0</load_address>
         <run_address>0x0</run_address>
         <size>0x21a</size>
         <input_file_ref idref="fl-2"/>
      </object_component>
      <object_component id="oc-fa">
         <name>.debug_info</name>
         <load_address>0x21a</load_address>
         <run_address>0x21a</run_address>
         <size>0x1463</size>
         <input_file_ref idref="fl-2"/>
      </object_component>
      <object_component id="oc-25">
         <name>.debug_info</name>
         <load_address>0x167d</load_address>
         <run_address>0x167d</run_address>
         <size>0x2aa</size>
         <input_file_ref idref="fl-2"/>
      </object_component>
      <object_component id="oc-a0">
         <name>.debug_info</name>
         <load_address>0x1927</load_address>
         <run_address>0x1927</run_address>
         <size>0x157</size>
         <input_file_ref idref="fl-2"/>
      </object_component>
      <object_component id="oc-10f">
         <name>.debug_info</name>
         <load_address>0x1a7e</load_address>
         <run_address>0x1a7e</run_address>
         <size>0x8b</size>
         <input_file_ref idref="fl-2"/>
      </object_component>
      <object_component id="oc-b1">
         <name>.debug_info</name>
         <load_address>0x1b09</load_address>
         <run_address>0x1b09</run_address>
         <size>0x18c</size>
         <input_file_ref idref="fl-2"/>
      </object_component>
      <object_component id="oc-120">
         <name>.debug_info</name>
         <load_address>0x1c95</load_address>
         <run_address>0x1c95</run_address>
         <size>0x18b</size>
         <input_file_ref idref="fl-2"/>
      </object_component>
      <object_component id="oc-b6">
         <name>.debug_info</name>
         <load_address>0x1e20</load_address>
         <run_address>0x1e20</run_address>
         <size>0x86</size>
         <input_file_ref idref="fl-2"/>
      </object_component>
      <object_component id="oc-15f">
         <name>.debug_info</name>
         <load_address>0x1ea6</load_address>
         <run_address>0x1ea6</run_address>
         <size>0x437</size>
         <input_file_ref idref="fl-2"/>
      </object_component>
      <object_component id="oc-1b8">
         <name>.debug_info</name>
         <load_address>0x22dd</load_address>
         <run_address>0x22dd</run_address>
         <size>0x15f</size>
         <input_file_ref idref="fl-2"/>
      </object_component>
      <object_component id="oc-140">
         <name>.debug_info</name>
         <load_address>0x243c</load_address>
         <run_address>0x243c</run_address>
         <size>0x2cf</size>
         <input_file_ref idref="fl-2"/>
      </object_component>
      <object_component id="oc-aa">
         <name>.debug_info</name>
         <load_address>0x270b</load_address>
         <run_address>0x270b</run_address>
         <size>0xfe</size>
         <input_file_ref idref="fl-3"/>
      </object_component>
      <object_component id="oc-ea">
         <name>.debug_info</name>
         <load_address>0x2809</load_address>
         <run_address>0x2809</run_address>
         <size>0x16e</size>
         <input_file_ref idref="fl-4"/>
      </object_component>
      <object_component id="oc-81">
         <name>.debug_info</name>
         <load_address>0x2977</load_address>
         <run_address>0x2977</run_address>
         <size>0xb23</size>
         <input_file_ref idref="fl-4"/>
      </object_component>
      <object_component id="oc-2e">
         <name>.debug_info</name>
         <load_address>0x349a</load_address>
         <run_address>0x349a</run_address>
         <size>0x183</size>
         <input_file_ref idref="fl-4"/>
      </object_component>
      <object_component id="oc-127">
         <name>.debug_info</name>
         <load_address>0x361d</load_address>
         <run_address>0x361d</run_address>
         <size>0x1de</size>
         <input_file_ref idref="fl-4"/>
      </object_component>
      <object_component id="oc-e5">
         <name>.debug_info</name>
         <load_address>0x37fb</load_address>
         <run_address>0x37fb</run_address>
         <size>0x129</size>
         <input_file_ref idref="fl-4"/>
      </object_component>
      <object_component id="oc-11f">
         <name>.debug_info</name>
         <load_address>0x3924</load_address>
         <run_address>0x3924</run_address>
         <size>0x357</size>
         <input_file_ref idref="fl-5"/>
      </object_component>
      <object_component id="oc-9a">
         <name>.debug_info</name>
         <load_address>0x3c7b</load_address>
         <run_address>0x3c7b</run_address>
         <size>0x858</size>
         <input_file_ref idref="fl-5"/>
      </object_component>
      <object_component id="oc-150">
         <name>.debug_info</name>
         <load_address>0x44d3</load_address>
         <run_address>0x44d3</run_address>
         <size>0x791</size>
         <input_file_ref idref="fl-5"/>
      </object_component>
      <object_component id="oc-155">
         <name>.debug_info</name>
         <load_address>0x4c64</load_address>
         <run_address>0x4c64</run_address>
         <size>0x4de</size>
         <input_file_ref idref="fl-5"/>
      </object_component>
      <object_component id="oc-15a">
         <name>.debug_info</name>
         <load_address>0x5142</load_address>
         <run_address>0x5142</run_address>
         <size>0x3ce</size>
         <input_file_ref idref="fl-5"/>
      </object_component>
      <object_component id="oc-cc">
         <name>.debug_info</name>
         <load_address>0x5510</load_address>
         <run_address>0x5510</run_address>
         <size>0x2c</size>
         <input_file_ref idref="fl-5"/>
      </object_component>
      <object_component id="oc-18a">
         <name>.debug_info</name>
         <load_address>0x553c</load_address>
         <run_address>0x553c</run_address>
         <size>0x37b</size>
         <input_file_ref idref="fl-5"/>
      </object_component>
      <object_component id="oc-164">
         <name>.debug_info</name>
         <load_address>0x58b7</load_address>
         <run_address>0x58b7</run_address>
         <size>0x1ca</size>
         <input_file_ref idref="fl-5"/>
      </object_component>
      <object_component id="oc-12c">
         <name>.debug_info</name>
         <load_address>0x5a81</load_address>
         <run_address>0x5a81</run_address>
         <size>0x435</size>
         <input_file_ref idref="fl-5"/>
      </object_component>
      <object_component id="oc-17d">
         <name>.debug_info</name>
         <load_address>0x5eb6</load_address>
         <run_address>0x5eb6</run_address>
         <size>0x510</size>
         <input_file_ref idref="fl-5"/>
      </object_component>
      <object_component id="oc-131">
         <name>.debug_info</name>
         <load_address>0x63c6</load_address>
         <run_address>0x63c6</run_address>
         <size>0x1f9</size>
         <input_file_ref idref="fl-5"/>
      </object_component>
      <object_component id="oc-169">
         <name>.debug_info</name>
         <load_address>0x65bf</load_address>
         <run_address>0x65bf</run_address>
         <size>0x3d3</size>
         <input_file_ref idref="fl-5"/>
      </object_component>
      <object_component id="oc-173">
         <name>.debug_info</name>
         <load_address>0x6992</load_address>
         <run_address>0x6992</run_address>
         <size>0x1de</size>
         <input_file_ref idref="fl-5"/>
      </object_component>
      <object_component id="oc-1cc">
         <name>.debug_info</name>
         <load_address>0x6b70</load_address>
         <run_address>0x6b70</run_address>
         <size>0x243</size>
         <input_file_ref idref="fl-5"/>
      </object_component>
      <object_component id="oc-1fd">
         <name>.debug_info</name>
         <load_address>0x6db3</load_address>
         <run_address>0x6db3</run_address>
         <size>0x18e</size>
         <input_file_ref idref="fl-5"/>
      </object_component>
      <object_component id="oc-182">
         <name>.debug_info</name>
         <load_address>0x6f41</load_address>
         <run_address>0x6f41</run_address>
         <size>0x17a</size>
         <input_file_ref idref="fl-5"/>
      </object_component>
      <object_component id="oc-136">
         <name>.debug_info</name>
         <load_address>0x70bb</load_address>
         <run_address>0x70bb</run_address>
         <size>0x642</size>
         <input_file_ref idref="fl-5"/>
      </object_component>
      <object_component id="oc-13b">
         <name>.debug_info</name>
         <load_address>0x76fd</load_address>
         <run_address>0x76fd</run_address>
         <size>0x13e</size>
         <input_file_ref idref="fl-5"/>
      </object_component>
      <object_component id="oc-14d">
         <name>.debug_info</name>
         <load_address>0x783b</load_address>
         <run_address>0x783b</run_address>
         <size>0xd8</size>
         <input_file_ref idref="fl-6"/>
      </object_component>
      <object_component id="oc-d6">
         <name>.debug_info</name>
         <load_address>0x7913</load_address>
         <run_address>0x7913</run_address>
         <size>0x1dd</size>
         <input_file_ref idref="fl-6"/>
      </object_component>
      <object_component id="oc-16e">
         <name>.debug_info</name>
         <load_address>0x7af0</load_address>
         <run_address>0x7af0</run_address>
         <size>0x1d8</size>
         <input_file_ref idref="fl-6"/>
      </object_component>
      <object_component id="oc-1e5">
         <name>.debug_info</name>
         <load_address>0x7cc8</load_address>
         <run_address>0x7cc8</run_address>
         <size>0xc6</size>
         <input_file_ref idref="fl-6"/>
      </object_component>
      <object_component id="oc-1b4">
         <name>.debug_info</name>
         <load_address>0x7d8e</load_address>
         <run_address>0x7d8e</run_address>
         <size>0x13d</size>
         <input_file_ref idref="fl-7"/>
      </object_component>
      <object_component id="oc-f4">
         <name>.debug_info</name>
         <load_address>0x7ecb</load_address>
         <run_address>0x7ecb</run_address>
         <size>0xb0d</size>
         <input_file_ref idref="fl-7"/>
      </object_component>
      <object_component id="oc-1f8">
         <name>.debug_info</name>
         <load_address>0x89d8</load_address>
         <run_address>0x89d8</run_address>
         <size>0x9f</size>
         <input_file_ref idref="fl-7"/>
      </object_component>
      <object_component id="oc-70">
         <name>.debug_info</name>
         <load_address>0x8a77</load_address>
         <run_address>0x8a77</run_address>
         <size>0x77f</size>
         <input_file_ref idref="fl-8"/>
      </object_component>
      <object_component id="oc-34">
         <name>.debug_info</name>
         <load_address>0x91f6</load_address>
         <run_address>0x91f6</run_address>
         <size>0x106</size>
         <input_file_ref idref="fl-9"/>
      </object_component>
      <object_component id="oc-114">
         <name>.debug_info</name>
         <load_address>0x92fc</load_address>
         <run_address>0x92fc</run_address>
         <size>0x2dc</size>
         <input_file_ref idref="fl-a"/>
      </object_component>
      <object_component id="oc-106">
         <name>.debug_info</name>
         <load_address>0x95d8</load_address>
         <run_address>0x95d8</run_address>
         <size>0x15d</size>
         <input_file_ref idref="fl-a"/>
      </object_component>
      <object_component id="oc-109">
         <name>.debug_info</name>
         <load_address>0x9735</load_address>
         <run_address>0x9735</run_address>
         <size>0xd8</size>
         <input_file_ref idref="fl-a"/>
      </object_component>
      <object_component id="oc-10c">
         <name>.debug_info</name>
         <load_address>0x980d</load_address>
         <run_address>0x980d</run_address>
         <size>0xd8</size>
         <input_file_ref idref="fl-a"/>
      </object_component>
      <object_component id="oc-8d">
         <name>.debug_info</name>
         <load_address>0x98e5</load_address>
         <run_address>0x98e5</run_address>
         <size>0x441</size>
         <input_file_ref idref="fl-a"/>
      </object_component>
      <object_component id="oc-1ea">
         <name>.debug_info</name>
         <load_address>0x9d26</load_address>
         <run_address>0x9d26</run_address>
         <size>0xf7</size>
         <input_file_ref idref="fl-c"/>
      </object_component>
      <object_component id="oc-210">
         <name>.debug_info</name>
         <load_address>0x9e1d</load_address>
         <run_address>0x9e1d</run_address>
         <size>0x242</size>
         <input_file_ref idref="fl-c"/>
      </object_component>
      <object_component id="oc-178">
         <name>.debug_info</name>
         <load_address>0xa05f</load_address>
         <run_address>0xa05f</run_address>
         <size>0x2af</size>
         <input_file_ref idref="fl-c"/>
      </object_component>
      <object_component id="oc-39">
         <name>.debug_info</name>
         <load_address>0xa30e</load_address>
         <run_address>0xa30e</run_address>
         <size>0x134</size>
         <input_file_ref idref="fl-d"/>
      </object_component>
      <object_component id="oc-de">
         <name>.debug_info</name>
         <load_address>0xa442</load_address>
         <run_address>0xa442</run_address>
         <size>0x366</size>
         <input_file_ref idref="fl-e"/>
      </object_component>
      <object_component id="oc-e3">
         <name>.debug_info</name>
         <load_address>0xa7a8</load_address>
         <run_address>0xa7a8</run_address>
         <size>0x4b9</size>
         <input_file_ref idref="fl-f"/>
      </object_component>
      <object_component id="oc-7b">
         <name>.debug_info</name>
         <load_address>0xac61</load_address>
         <run_address>0xac61</run_address>
         <size>0x27f9</size>
         <input_file_ref idref="fl-f"/>
      </object_component>
      <object_component id="oc-1f">
         <name>.debug_info</name>
         <load_address>0xd45a</load_address>
         <run_address>0xd45a</run_address>
         <size>0x4e5</size>
         <input_file_ref idref="fl-10"/>
      </object_component>
      <object_component id="oc-a7">
         <name>.debug_info</name>
         <load_address>0xd93f</load_address>
         <run_address>0xd93f</run_address>
         <size>0x2fd</size>
         <input_file_ref idref="fl-11"/>
      </object_component>
      <object_component id="oc-2b">
         <name>.debug_info</name>
         <load_address>0xdc3c</load_address>
         <run_address>0xdc3c</run_address>
         <size>0xdc</size>
         <input_file_ref idref="fl-11"/>
      </object_component>
      <object_component id="oc-40">
         <name>.debug_info</name>
         <load_address>0xdd18</load_address>
         <run_address>0xdd18</run_address>
         <size>0x46e</size>
         <input_file_ref idref="fl-11"/>
      </object_component>
      <object_component id="oc-45">
         <name>.debug_info</name>
         <load_address>0xe186</load_address>
         <run_address>0xe186</run_address>
         <size>0x1f7</size>
         <input_file_ref idref="fl-11"/>
      </object_component>
      <object_component id="oc-145">
         <name>.debug_info</name>
         <load_address>0xe37d</load_address>
         <run_address>0xe37d</run_address>
         <size>0x5d</size>
         <input_file_ref idref="fl-11"/>
      </object_component>
      <object_component id="oc-dc">
         <name>.debug_info</name>
         <load_address>0xe3da</load_address>
         <run_address>0xe3da</run_address>
         <size>0x365</size>
         <input_file_ref idref="fl-12"/>
      </object_component>
      <object_component id="oc-75">
         <name>.debug_info</name>
         <load_address>0xe73f</load_address>
         <run_address>0xe73f</run_address>
         <size>0x72d</size>
         <input_file_ref idref="fl-12"/>
      </object_component>
      <object_component id="oc-f2">
         <name>.debug_info</name>
         <load_address>0xee6c</load_address>
         <run_address>0xee6c</run_address>
         <size>0x299</size>
         <input_file_ref idref="fl-138"/>
      </object_component>
      <object_component id="oc-89">
         <name>.debug_info</name>
         <load_address>0xf105</load_address>
         <run_address>0xf105</run_address>
         <size>0x153</size>
         <input_file_ref idref="fl-138"/>
      </object_component>
      <object_component id="oc-c4">
         <name>.debug_info</name>
         <load_address>0xf258</load_address>
         <run_address>0xf258</run_address>
         <size>0x84</size>
         <input_file_ref idref="fl-138"/>
      </object_component>
      <object_component id="oc-195">
         <name>.debug_info</name>
         <load_address>0xf2dc</load_address>
         <run_address>0xf2dc</run_address>
         <size>0x39</size>
         <input_file_ref idref="fl-138"/>
      </object_component>
      <object_component id="oc-19a">
         <name>.debug_info</name>
         <load_address>0xf315</load_address>
         <run_address>0xf315</run_address>
         <size>0xcd</size>
         <input_file_ref idref="fl-138"/>
      </object_component>
      <object_component id="oc-55">
         <name>.debug_info</name>
         <load_address>0xf3e2</load_address>
         <run_address>0xf3e2</run_address>
         <size>0x117</size>
         <input_file_ref idref="fl-139"/>
      </object_component>
      <object_component id="oc-e">
         <name>.debug_info</name>
         <load_address>0xf4f9</load_address>
         <run_address>0xf4f9</run_address>
         <size>0x1a6</size>
         <input_file_ref idref="fl-139"/>
      </object_component>
      <object_component id="oc-50">
         <name>.debug_info</name>
         <load_address>0xf69f</load_address>
         <run_address>0xf69f</run_address>
         <size>0x46</size>
         <input_file_ref idref="fl-139"/>
      </object_component>
      <object_component id="oc-bd">
         <name>.debug_info</name>
         <load_address>0xf6e5</load_address>
         <run_address>0xf6e5</run_address>
         <size>0x2c</size>
         <input_file_ref idref="fl-139"/>
      </object_component>
      <object_component id="oc-5d">
         <name>.debug_info</name>
         <load_address>0xf711</load_address>
         <run_address>0xf711</run_address>
         <size>0x110</size>
         <input_file_ref idref="fl-13a"/>
      </object_component>
      <object_component id="oc-58">
         <name>.debug_info</name>
         <load_address>0xf821</load_address>
         <run_address>0xf821</run_address>
         <size>0x223</size>
         <input_file_ref idref="fl-13a"/>
      </object_component>
      <object_component id="oc-14">
         <name>.debug_info</name>
         <load_address>0xfa44</load_address>
         <run_address>0xfa44</run_address>
         <size>0x18d</size>
         <input_file_ref idref="fl-13a"/>
      </object_component>
      <object_component id="oc-5e">
         <name>.debug_info</name>
         <load_address>0xfbd1</load_address>
         <run_address>0xfbd1</run_address>
         <size>0x39</size>
         <input_file_ref idref="fl-13a"/>
      </object_component>
      <object_component id="oc-6e">
         <name>.debug_info</name>
         <load_address>0xfc0a</load_address>
         <run_address>0xfc0a</run_address>
         <size>0x106</size>
         <input_file_ref idref="fl-13b"/>
      </object_component>
      <object_component id="oc-1b">
         <name>.debug_info</name>
         <load_address>0xfd10</load_address>
         <run_address>0xfd10</run_address>
         <size>0x171</size>
         <input_file_ref idref="fl-13b"/>
      </object_component>
      <object_component id="oc-69">
         <name>.debug_info</name>
         <load_address>0xfe81</load_address>
         <run_address>0xfe81</run_address>
         <size>0x46</size>
         <input_file_ref idref="fl-13b"/>
      </object_component>
      <object_component id="oc-192">
         <name>.debug_info</name>
         <load_address>0xfec7</load_address>
         <run_address>0xfec7</run_address>
         <size>0x1bc</size>
         <input_file_ref idref="fl-13c"/>
      </object_component>
      <object_component id="oc-ed">
         <name>.debug_info</name>
         <load_address>0x10083</load_address>
         <run_address>0x10083</run_address>
         <size>0x15f</size>
         <input_file_ref idref="fl-13c"/>
      </object_component>
      <object_component id="oc-1ed">
         <name>.debug_info</name>
         <load_address>0x101e2</load_address>
         <run_address>0x101e2</run_address>
         <size>0x2c</size>
         <input_file_ref idref="fl-13c"/>
      </object_component>
      <object_component id="oc-11c">
         <name>.debug_info</name>
         <load_address>0x1020e</load_address>
         <run_address>0x1020e</run_address>
         <size>0x16d</size>
         <input_file_ref idref="fl-13d"/>
      </object_component>
      <object_component id="oc-119">
         <name>.debug_info</name>
         <load_address>0x1037b</load_address>
         <run_address>0x1037b</run_address>
         <size>0x112</size>
         <input_file_ref idref="fl-13d"/>
      </object_component>
      <object_component id="oc-93">
         <name>.debug_info</name>
         <load_address>0x1048d</load_address>
         <run_address>0x1048d</run_address>
         <size>0x1e9</size>
         <input_file_ref idref="fl-13d"/>
      </object_component>
      <object_component id="oc-1aa">
         <name>.debug_info</name>
         <load_address>0x10676</load_address>
         <run_address>0x10676</run_address>
         <size>0x13b</size>
         <input_file_ref idref="fl-13e"/>
      </object_component>
      <object_component id="oc-1a7">
         <name>.debug_info</name>
         <load_address>0x107b1</load_address>
         <run_address>0x107b1</run_address>
         <size>0x120</size>
         <input_file_ref idref="fl-13f"/>
      </object_component>
      <object_component id="oc-1b0">
         <name>.debug_info</name>
         <load_address>0x108d1</load_address>
         <run_address>0x108d1</run_address>
         <size>0x119</size>
         <input_file_ref idref="fl-140"/>
      </object_component>
      <object_component id="oc-1c3">
         <name>.debug_info</name>
         <load_address>0x109ea</load_address>
         <run_address>0x109ea</run_address>
         <size>0x128</size>
         <input_file_ref idref="fl-141"/>
      </object_component>
      <object_component id="oc-100">
         <name>.debug_info</name>
         <load_address>0x10b12</load_address>
         <run_address>0x10b12</run_address>
         <size>0x1b6</size>
         <input_file_ref idref="fl-141"/>
      </object_component>
      <object_component id="oc-4c">
         <name>.debug_info</name>
         <load_address>0x10cc8</load_address>
         <run_address>0x10cc8</run_address>
         <size>0x15c</size>
         <input_file_ref idref="fl-142"/>
      </object_component>
      <object_component id="oc-64">
         <name>.debug_info</name>
         <load_address>0x10e24</load_address>
         <run_address>0x10e24</run_address>
         <size>0x124</size>
         <input_file_ref idref="fl-143"/>
      </object_component>
      <object_component id="oc-1a0">
         <name>.debug_info</name>
         <load_address>0x10f48</load_address>
         <run_address>0x10f48</run_address>
         <size>0x105</size>
         <input_file_ref idref="fl-144"/>
      </object_component>
      <object_component id="oc-1d9">
         <name>.debug_info</name>
         <load_address>0x1104d</load_address>
         <run_address>0x1104d</run_address>
         <size>0x100</size>
         <input_file_ref idref="fl-145"/>
      </object_component>
      <object_component id="oc-116">
         <name>.debug_info</name>
         <load_address>0x1114d</load_address>
         <run_address>0x1114d</run_address>
         <size>0xef</size>
         <input_file_ref idref="fl-145"/>
      </object_component>
      <object_component id="oc-1d2">
         <name>.debug_info</name>
         <load_address>0x1123c</load_address>
         <run_address>0x1123c</run_address>
         <size>0x1fb</size>
         <input_file_ref idref="fl-145"/>
      </object_component>
      <object_component id="oc-1be">
         <name>.debug_info</name>
         <load_address>0x11437</load_address>
         <run_address>0x11437</run_address>
         <size>0x127</size>
         <input_file_ref idref="fl-146"/>
      </object_component>
      <object_component id="oc-203">
         <name>.debug_info</name>
         <load_address>0x1155e</load_address>
         <run_address>0x1155e</run_address>
         <size>0x123</size>
         <input_file_ref idref="fl-147"/>
      </object_component>
      <object_component id="oc-238">
         <name>.debug_info</name>
         <load_address>0x11681</load_address>
         <run_address>0x11681</run_address>
         <size>0xa5</size>
      </object_component>
      <object_component id="oc-1e2">
         <name>.debug_line</name>
         <load_address>0x0</load_address>
         <run_address>0x0</run_address>
         <size>0x61</size>
         <input_file_ref idref="fl-2"/>
      </object_component>
      <object_component id="oc-fd">
         <name>.debug_line</name>
         <load_address>0x61</load_address>
         <run_address>0x61</run_address>
         <size>0x42b</size>
         <input_file_ref idref="fl-2"/>
      </object_component>
      <object_component id="oc-28">
         <name>.debug_line</name>
         <load_address>0x48c</load_address>
         <run_address>0x48c</run_address>
         <size>0xaa</size>
         <input_file_ref idref="fl-2"/>
      </object_component>
      <object_component id="oc-a3">
         <name>.debug_line</name>
         <load_address>0x536</load_address>
         <run_address>0x536</run_address>
         <size>0x6a</size>
         <input_file_ref idref="fl-2"/>
      </object_component>
      <object_component id="oc-112">
         <name>.debug_line</name>
         <load_address>0x5a0</load_address>
         <run_address>0x5a0</run_address>
         <size>0x20</size>
         <input_file_ref idref="fl-2"/>
      </object_component>
      <object_component id="oc-b4">
         <name>.debug_line</name>
         <load_address>0x5c0</load_address>
         <run_address>0x5c0</run_address>
         <size>0x65</size>
         <input_file_ref idref="fl-2"/>
      </object_component>
      <object_component id="oc-123">
         <name>.debug_line</name>
         <load_address>0x625</load_address>
         <run_address>0x625</run_address>
         <size>0x6b</size>
         <input_file_ref idref="fl-2"/>
      </object_component>
      <object_component id="oc-b9">
         <name>.debug_line</name>
         <load_address>0x690</load_address>
         <run_address>0x690</run_address>
         <size>0x68</size>
         <input_file_ref idref="fl-2"/>
      </object_component>
      <object_component id="oc-162">
         <name>.debug_line</name>
         <load_address>0x6f8</load_address>
         <run_address>0x6f8</run_address>
         <size>0x65</size>
         <input_file_ref idref="fl-2"/>
      </object_component>
      <object_component id="oc-1bb">
         <name>.debug_line</name>
         <load_address>0x75d</load_address>
         <run_address>0x75d</run_address>
         <size>0x61</size>
         <input_file_ref idref="fl-2"/>
      </object_component>
      <object_component id="oc-143">
         <name>.debug_line</name>
         <load_address>0x7be</load_address>
         <run_address>0x7be</run_address>
         <size>0x65</size>
         <input_file_ref idref="fl-2"/>
      </object_component>
      <object_component id="oc-ad">
         <name>.debug_line</name>
         <load_address>0x823</load_address>
         <run_address>0x823</run_address>
         <size>0x78</size>
         <input_file_ref idref="fl-3"/>
      </object_component>
      <object_component id="oc-190">
         <name>.debug_line</name>
         <load_address>0x89b</load_address>
         <run_address>0x89b</run_address>
         <size>0x61</size>
         <input_file_ref idref="fl-4"/>
      </object_component>
      <object_component id="oc-84">
         <name>.debug_line</name>
         <load_address>0x8fc</load_address>
         <run_address>0x8fc</run_address>
         <size>0x289</size>
         <input_file_ref idref="fl-4"/>
      </object_component>
      <object_component id="oc-31">
         <name>.debug_line</name>
         <load_address>0xb85</load_address>
         <run_address>0xb85</run_address>
         <size>0x6e</size>
         <input_file_ref idref="fl-4"/>
      </object_component>
      <object_component id="oc-12a">
         <name>.debug_line</name>
         <load_address>0xbf3</load_address>
         <run_address>0xbf3</run_address>
         <size>0x65</size>
         <input_file_ref idref="fl-4"/>
      </object_component>
      <object_component id="oc-e8">
         <name>.debug_line</name>
         <load_address>0xc58</load_address>
         <run_address>0xc58</run_address>
         <size>0x61</size>
         <input_file_ref idref="fl-4"/>
      </object_component>
      <object_component id="oc-1e0">
         <name>.debug_line</name>
         <load_address>0xcb9</load_address>
         <run_address>0xcb9</run_address>
         <size>0x7d</size>
         <input_file_ref idref="fl-5"/>
      </object_component>
      <object_component id="oc-9d">
         <name>.debug_line</name>
         <load_address>0xd36</load_address>
         <run_address>0xd36</run_address>
         <size>0xfe</size>
         <input_file_ref idref="fl-5"/>
      </object_component>
      <object_component id="oc-153">
         <name>.debug_line</name>
         <load_address>0xe34</load_address>
         <run_address>0xe34</run_address>
         <size>0x65</size>
         <input_file_ref idref="fl-5"/>
      </object_component>
      <object_component id="oc-158">
         <name>.debug_line</name>
         <load_address>0xe99</load_address>
         <run_address>0xe99</run_address>
         <size>0x68</size>
         <input_file_ref idref="fl-5"/>
      </object_component>
      <object_component id="oc-15d">
         <name>.debug_line</name>
         <load_address>0xf01</load_address>
         <run_address>0xf01</run_address>
         <size>0x65</size>
         <input_file_ref idref="fl-5"/>
      </object_component>
      <object_component id="oc-cf">
         <name>.debug_line</name>
         <load_address>0xf66</load_address>
         <run_address>0xf66</run_address>
         <size>0x6b</size>
         <input_file_ref idref="fl-5"/>
      </object_component>
      <object_component id="oc-18d">
         <name>.debug_line</name>
         <load_address>0xfd1</load_address>
         <run_address>0xfd1</run_address>
         <size>0x6a</size>
         <input_file_ref idref="fl-5"/>
      </object_component>
      <object_component id="oc-167">
         <name>.debug_line</name>
         <load_address>0x103b</load_address>
         <run_address>0x103b</run_address>
         <size>0x65</size>
         <input_file_ref idref="fl-5"/>
      </object_component>
      <object_component id="oc-12f">
         <name>.debug_line</name>
         <load_address>0x10a0</load_address>
         <run_address>0x10a0</run_address>
         <size>0x67</size>
         <input_file_ref idref="fl-5"/>
      </object_component>
      <object_component id="oc-180">
         <name>.debug_line</name>
         <load_address>0x1107</load_address>
         <run_address>0x1107</run_address>
         <size>0x64</size>
         <input_file_ref idref="fl-5"/>
      </object_component>
      <object_component id="oc-134">
         <name>.debug_line</name>
         <load_address>0x116b</load_address>
         <run_address>0x116b</run_address>
         <size>0x65</size>
         <input_file_ref idref="fl-5"/>
      </object_component>
      <object_component id="oc-16c">
         <name>.debug_line</name>
         <load_address>0x11d0</load_address>
         <run_address>0x11d0</run_address>
         <size>0x65</size>
         <input_file_ref idref="fl-5"/>
      </object_component>
      <object_component id="oc-176">
         <name>.debug_line</name>
         <load_address>0x1235</load_address>
         <run_address>0x1235</run_address>
         <size>0x67</size>
         <input_file_ref idref="fl-5"/>
      </object_component>
      <object_component id="oc-1cf">
         <name>.debug_line</name>
         <load_address>0x129c</load_address>
         <run_address>0x129c</run_address>
         <size>0x65</size>
         <input_file_ref idref="fl-5"/>
      </object_component>
      <object_component id="oc-200">
         <name>.debug_line</name>
         <load_address>0x1301</load_address>
         <run_address>0x1301</run_address>
         <size>0x61</size>
         <input_file_ref idref="fl-5"/>
      </object_component>
      <object_component id="oc-185">
         <name>.debug_line</name>
         <load_address>0x1362</load_address>
         <run_address>0x1362</run_address>
         <size>0x65</size>
         <input_file_ref idref="fl-5"/>
      </object_component>
      <object_component id="oc-139">
         <name>.debug_line</name>
         <load_address>0x13c7</load_address>
         <run_address>0x13c7</run_address>
         <size>0x68</size>
         <input_file_ref idref="fl-5"/>
      </object_component>
      <object_component id="oc-13e">
         <name>.debug_line</name>
         <load_address>0x142f</load_address>
         <run_address>0x142f</run_address>
         <size>0x67</size>
         <input_file_ref idref="fl-5"/>
      </object_component>
      <object_component id="oc-1e4">
         <name>.debug_line</name>
         <load_address>0x1496</load_address>
         <run_address>0x1496</run_address>
         <size>0x20</size>
         <input_file_ref idref="fl-6"/>
      </object_component>
      <object_component id="oc-d9">
         <name>.debug_line</name>
         <load_address>0x14b6</load_address>
         <run_address>0x14b6</run_address>
         <size>0x81</size>
         <input_file_ref idref="fl-6"/>
      </object_component>
      <object_component id="oc-171">
         <name>.debug_line</name>
         <load_address>0x1537</load_address>
         <run_address>0x1537</run_address>
         <size>0x68</size>
         <input_file_ref idref="fl-6"/>
      </object_component>
      <object_component id="oc-1e8">
         <name>.debug_line</name>
         <load_address>0x159f</load_address>
         <run_address>0x159f</run_address>
         <size>0x64</size>
         <input_file_ref idref="fl-6"/>
      </object_component>
      <object_component id="oc-1f7">
         <name>.debug_line</name>
         <load_address>0x1603</load_address>
         <run_address>0x1603</run_address>
         <size>0x33</size>
         <input_file_ref idref="fl-7"/>
      </object_component>
      <object_component id="oc-f7">
         <name>.debug_line</name>
         <load_address>0x1636</load_address>
         <run_address>0x1636</run_address>
         <size>0x274</size>
         <input_file_ref idref="fl-7"/>
      </object_component>
      <object_component id="oc-1fb">
         <name>.debug_line</name>
         <load_address>0x18aa</load_address>
         <run_address>0x18aa</run_address>
         <size>0x33</size>
         <input_file_ref idref="fl-7"/>
      </object_component>
      <object_component id="oc-73">
         <name>.debug_line</name>
         <load_address>0x18dd</load_address>
         <run_address>0x18dd</run_address>
         <size>0x2c1</size>
         <input_file_ref idref="fl-8"/>
      </object_component>
      <object_component id="oc-37">
         <name>.debug_line</name>
         <load_address>0x1b9e</load_address>
         <run_address>0x1b9e</run_address>
         <size>0x4f</size>
         <input_file_ref idref="fl-9"/>
      </object_component>
      <object_component id="oc-1cb">
         <name>.debug_line</name>
         <load_address>0x1bed</load_address>
         <run_address>0x1bed</run_address>
         <size>0x133</size>
         <input_file_ref idref="fl-a"/>
      </object_component>
      <object_component id="oc-1c5">
         <name>.debug_line</name>
         <load_address>0x1d20</load_address>
         <run_address>0x1d20</run_address>
         <size>0x38</size>
         <input_file_ref idref="fl-a"/>
      </object_component>
      <object_component id="oc-1c7">
         <name>.debug_line</name>
         <load_address>0x1d58</load_address>
         <run_address>0x1d58</run_address>
         <size>0x38</size>
         <input_file_ref idref="fl-a"/>
      </object_component>
      <object_component id="oc-1c9">
         <name>.debug_line</name>
         <load_address>0x1d90</load_address>
         <run_address>0x1d90</run_address>
         <size>0x38</size>
         <input_file_ref idref="fl-a"/>
      </object_component>
      <object_component id="oc-90">
         <name>.debug_line</name>
         <load_address>0x1dc8</load_address>
         <run_address>0x1dc8</run_address>
         <size>0xfc</size>
         <input_file_ref idref="fl-a"/>
      </object_component>
      <object_component id="oc-20f">
         <name>.debug_line</name>
         <load_address>0x1ec4</load_address>
         <run_address>0x1ec4</run_address>
         <size>0x20</size>
         <input_file_ref idref="fl-c"/>
      </object_component>
      <object_component id="oc-213">
         <name>.debug_line</name>
         <load_address>0x1ee4</load_address>
         <run_address>0x1ee4</run_address>
         <size>0x65</size>
         <input_file_ref idref="fl-c"/>
      </object_component>
      <object_component id="oc-17b">
         <name>.debug_line</name>
         <load_address>0x1f49</load_address>
         <run_address>0x1f49</run_address>
         <size>0x65</size>
         <input_file_ref idref="fl-c"/>
      </object_component>
      <object_component id="oc-3c">
         <name>.debug_line</name>
         <load_address>0x1fae</load_address>
         <run_address>0x1fae</run_address>
         <size>0x4b</size>
         <input_file_ref idref="fl-d"/>
      </object_component>
      <object_component id="oc-e1">
         <name>.debug_line</name>
         <load_address>0x1ff9</load_address>
         <run_address>0x1ff9</run_address>
         <size>0x131</size>
         <input_file_ref idref="fl-e"/>
      </object_component>
      <object_component id="oc-189">
         <name>.debug_line</name>
         <load_address>0x212a</load_address>
         <run_address>0x212a</run_address>
         <size>0xf5</size>
         <input_file_ref idref="fl-f"/>
      </object_component>
      <object_component id="oc-7e">
         <name>.debug_line</name>
         <load_address>0x221f</load_address>
         <run_address>0x221f</run_address>
         <size>0xed2</size>
         <input_file_ref idref="fl-f"/>
      </object_component>
      <object_component id="oc-22">
         <name>.debug_line</name>
         <load_address>0x30f1</load_address>
         <run_address>0x30f1</run_address>
         <size>0xe5</size>
         <input_file_ref idref="fl-10"/>
      </object_component>
      <object_component id="oc-126">
         <name>.debug_line</name>
         <load_address>0x31d6</load_address>
         <run_address>0x31d6</run_address>
         <size>0xa6</size>
         <input_file_ref idref="fl-11"/>
      </object_component>
      <object_component id="oc-a6">
         <name>.debug_line</name>
         <load_address>0x327c</load_address>
         <run_address>0x327c</run_address>
         <size>0x37</size>
         <input_file_ref idref="fl-11"/>
      </object_component>
      <object_component id="oc-43">
         <name>.debug_line</name>
         <load_address>0x32b3</load_address>
         <run_address>0x32b3</run_address>
         <size>0x197</size>
         <input_file_ref idref="fl-11"/>
      </object_component>
      <object_component id="oc-48">
         <name>.debug_line</name>
         <load_address>0x344a</load_address>
         <run_address>0x344a</run_address>
         <size>0xa6</size>
         <input_file_ref idref="fl-11"/>
      </object_component>
      <object_component id="oc-148">
         <name>.debug_line</name>
         <load_address>0x34f0</load_address>
         <run_address>0x34f0</run_address>
         <size>0x37</size>
         <input_file_ref idref="fl-11"/>
      </object_component>
      <object_component id="oc-14f">
         <name>.debug_line</name>
         <load_address>0x3527</load_address>
         <run_address>0x3527</run_address>
         <size>0xf4</size>
         <input_file_ref idref="fl-12"/>
      </object_component>
      <object_component id="oc-78">
         <name>.debug_line</name>
         <load_address>0x361b</load_address>
         <run_address>0x361b</run_address>
         <size>0x235</size>
         <input_file_ref idref="fl-12"/>
      </object_component>
      <object_component id="oc-194">
         <name>.debug_line</name>
         <load_address>0x3850</load_address>
         <run_address>0x3850</run_address>
         <size>0x7a</size>
         <input_file_ref idref="fl-138"/>
      </object_component>
      <object_component id="oc-88">
         <name>.debug_line</name>
         <load_address>0x38ca</load_address>
         <run_address>0x38ca</run_address>
         <size>0x85</size>
         <input_file_ref idref="fl-138"/>
      </object_component>
      <object_component id="oc-c7">
         <name>.debug_line</name>
         <load_address>0x394f</load_address>
         <run_address>0x394f</run_address>
         <size>0x20</size>
         <input_file_ref idref="fl-138"/>
      </object_component>
      <object_component id="oc-198">
         <name>.debug_line</name>
         <load_address>0x396f</load_address>
         <run_address>0x396f</run_address>
         <size>0x2e</size>
         <input_file_ref idref="fl-138"/>
      </object_component>
      <object_component id="oc-19d">
         <name>.debug_line</name>
         <load_address>0x399d</load_address>
         <run_address>0x399d</run_address>
         <size>0x6c</size>
         <input_file_ref idref="fl-138"/>
      </object_component>
      <object_component id="oc-c3">
         <name>.debug_line</name>
         <load_address>0x3a09</load_address>
         <run_address>0x3a09</run_address>
         <size>0x6b</size>
         <input_file_ref idref="fl-139"/>
      </object_component>
      <object_component id="oc-10">
         <name>.debug_line</name>
         <load_address>0x3a74</load_address>
         <run_address>0x3a74</run_address>
         <size>0x55</size>
         <input_file_ref idref="fl-139"/>
      </object_component>
      <object_component id="oc-53">
         <name>.debug_line</name>
         <load_address>0x3ac9</load_address>
         <run_address>0x3ac9</run_address>
         <size>0x3a</size>
         <input_file_ref idref="fl-139"/>
      </object_component>
      <object_component id="oc-c0">
         <name>.debug_line</name>
         <load_address>0x3b03</load_address>
         <run_address>0x3b03</run_address>
         <size>0x6b</size>
         <input_file_ref idref="fl-139"/>
      </object_component>
      <object_component id="oc-cb">
         <name>.debug_line</name>
         <load_address>0x3b6e</load_address>
         <run_address>0x3b6e</run_address>
         <size>0x6b</size>
         <input_file_ref idref="fl-13a"/>
      </object_component>
      <object_component id="oc-5b">
         <name>.debug_line</name>
         <load_address>0x3bd9</load_address>
         <run_address>0x3bd9</run_address>
         <size>0xa3</size>
         <input_file_ref idref="fl-13a"/>
      </object_component>
      <object_component id="oc-17">
         <name>.debug_line</name>
         <load_address>0x3c7c</load_address>
         <run_address>0x3c7c</run_address>
         <size>0x4b</size>
         <input_file_ref idref="fl-13a"/>
      </object_component>
      <object_component id="oc-61">
         <name>.debug_line</name>
         <load_address>0x3cc7</load_address>
         <run_address>0x3cc7</run_address>
         <size>0x39</size>
         <input_file_ref idref="fl-13a"/>
      </object_component>
      <object_component id="oc-d3">
         <name>.debug_line</name>
         <load_address>0x3d00</load_address>
         <run_address>0x3d00</run_address>
         <size>0x6b</size>
         <input_file_ref idref="fl-13b"/>
      </object_component>
      <object_component id="oc-1d">
         <name>.debug_line</name>
         <load_address>0x3d6b</load_address>
         <run_address>0x3d6b</run_address>
         <size>0x4f</size>
         <input_file_ref idref="fl-13b"/>
      </object_component>
      <object_component id="oc-6c">
         <name>.debug_line</name>
         <load_address>0x3dba</load_address>
         <run_address>0x3dba</run_address>
         <size>0x34</size>
         <input_file_ref idref="fl-13b"/>
      </object_component>
      <object_component id="oc-1ec">
         <name>.debug_line</name>
         <load_address>0x3dee</load_address>
         <run_address>0x3dee</run_address>
         <size>0x79</size>
         <input_file_ref idref="fl-13c"/>
      </object_component>
      <object_component id="oc-ef">
         <name>.debug_line</name>
         <load_address>0x3e67</load_address>
         <run_address>0x3e67</run_address>
         <size>0x78</size>
         <input_file_ref idref="fl-13c"/>
      </object_component>
      <object_component id="oc-1f0">
         <name>.debug_line</name>
         <load_address>0x3edf</load_address>
         <run_address>0x3edf</run_address>
         <size>0x2e</size>
         <input_file_ref idref="fl-13c"/>
      </object_component>
      <object_component id="oc-1de">
         <name>.debug_line</name>
         <load_address>0x3f0d</load_address>
         <run_address>0x3f0d</run_address>
         <size>0x6a</size>
         <input_file_ref idref="fl-13d"/>
      </object_component>
      <object_component id="oc-1dc">
         <name>.debug_line</name>
         <load_address>0x3f77</load_address>
         <run_address>0x3f77</run_address>
         <size>0x2a</size>
         <input_file_ref idref="fl-13d"/>
      </object_component>
      <object_component id="oc-96">
         <name>.debug_line</name>
         <load_address>0x3fa1</load_address>
         <run_address>0x3fa1</run_address>
         <size>0x80</size>
         <input_file_ref idref="fl-13d"/>
      </object_component>
      <object_component id="oc-1ad">
         <name>.debug_line</name>
         <load_address>0x4021</load_address>
         <run_address>0x4021</run_address>
         <size>0xc2</size>
         <input_file_ref idref="fl-13e"/>
      </object_component>
      <object_component id="oc-1a6">
         <name>.debug_line</name>
         <load_address>0x40e3</load_address>
         <run_address>0x40e3</run_address>
         <size>0xa1</size>
         <input_file_ref idref="fl-13f"/>
      </object_component>
      <object_component id="oc-1b2">
         <name>.debug_line</name>
         <load_address>0x4184</load_address>
         <run_address>0x4184</run_address>
         <size>0x51</size>
         <input_file_ref idref="fl-140"/>
      </object_component>
      <object_component id="oc-20a">
         <name>.debug_line</name>
         <load_address>0x41d5</load_address>
         <run_address>0x41d5</run_address>
         <size>0x6b</size>
         <input_file_ref idref="fl-141"/>
      </object_component>
      <object_component id="oc-103">
         <name>.debug_line</name>
         <load_address>0x4240</load_address>
         <run_address>0x4240</run_address>
         <size>0x5c</size>
         <input_file_ref idref="fl-141"/>
      </object_component>
      <object_component id="oc-4b">
         <name>.debug_line</name>
         <load_address>0x429c</load_address>
         <run_address>0x429c</run_address>
         <size>0x9a</size>
         <input_file_ref idref="fl-142"/>
      </object_component>
      <object_component id="oc-67">
         <name>.debug_line</name>
         <load_address>0x4336</load_address>
         <run_address>0x4336</run_address>
         <size>0x73</size>
         <input_file_ref idref="fl-143"/>
      </object_component>
      <object_component id="oc-1a3">
         <name>.debug_line</name>
         <load_address>0x43a9</load_address>
         <run_address>0x43a9</run_address>
         <size>0x47</size>
         <input_file_ref idref="fl-144"/>
      </object_component>
      <object_component id="oc-20d">
         <name>.debug_line</name>
         <load_address>0x43f0</load_address>
         <run_address>0x43f0</run_address>
         <size>0x20</size>
         <input_file_ref idref="fl-145"/>
      </object_component>
      <object_component id="oc-1d8">
         <name>.debug_line</name>
         <load_address>0x4410</load_address>
         <run_address>0x4410</run_address>
         <size>0x2b</size>
         <input_file_ref idref="fl-145"/>
      </object_component>
      <object_component id="oc-1d5">
         <name>.debug_line</name>
         <load_address>0x443b</load_address>
         <run_address>0x443b</run_address>
         <size>0x64</size>
         <input_file_ref idref="fl-145"/>
      </object_component>
      <object_component id="oc-1c1">
         <name>.debug_line</name>
         <load_address>0x449f</load_address>
         <run_address>0x449f</run_address>
         <size>0x52</size>
         <input_file_ref idref="fl-146"/>
      </object_component>
      <object_component id="oc-206">
         <name>.debug_line</name>
         <load_address>0x44f1</load_address>
         <run_address>0x44f1</run_address>
         <size>0x3b</size>
         <input_file_ref idref="fl-147"/>
      </object_component>
      <object_component id="oc-fe">
         <name>.debug_frame</name>
         <load_address>0x0</load_address>
         <run_address>0x0</run_address>
         <size>0x254</size>
         <input_file_ref idref="fl-2"/>
      </object_component>
      <object_component id="oc-29">
         <name>.debug_frame</name>
         <load_address>0x254</load_address>
         <run_address>0x254</run_address>
         <size>0x8c</size>
         <input_file_ref idref="fl-2"/>
      </object_component>
      <object_component id="oc-85">
         <name>.debug_frame</name>
         <load_address>0x2e0</load_address>
         <run_address>0x2e0</run_address>
         <size>0x1a4</size>
         <input_file_ref idref="fl-4"/>
      </object_component>
      <object_component id="oc-32">
         <name>.debug_frame</name>
         <load_address>0x484</load_address>
         <run_address>0x484</run_address>
         <size>0x5a</size>
         <input_file_ref idref="fl-4"/>
      </object_component>
      <object_component id="oc-9e">
         <name>.debug_frame</name>
         <load_address>0x4de</load_address>
         <run_address>0x4de</run_address>
         <size>0xeb</size>
         <input_file_ref idref="fl-5"/>
      </object_component>
      <object_component id="oc-da">
         <name>.debug_frame</name>
         <load_address>0x5c9</load_address>
         <run_address>0x5c9</run_address>
         <size>0x56</size>
         <input_file_ref idref="fl-6"/>
      </object_component>
      <object_component id="oc-f8">
         <name>.debug_frame</name>
         <load_address>0x61f</load_address>
         <run_address>0x61f</run_address>
         <size>0x19e</size>
         <input_file_ref idref="fl-7"/>
      </object_component>
      <object_component id="oc-91">
         <name>.debug_frame</name>
         <load_address>0x7bd</load_address>
         <run_address>0x7bd</run_address>
         <size>0x7b</size>
         <input_file_ref idref="fl-a"/>
      </object_component>
      <object_component id="oc-3d">
         <name>.debug_frame</name>
         <load_address>0x838</load_address>
         <run_address>0x838</run_address>
         <size>0x3f</size>
         <input_file_ref idref="fl-d"/>
      </object_component>
      <object_component id="oc-7f">
         <name>.debug_frame</name>
         <load_address>0x877</load_address>
         <run_address>0x877</run_address>
         <size>0x483</size>
         <input_file_ref idref="fl-f"/>
      </object_component>
      <object_component id="oc-23">
         <name>.debug_frame</name>
         <load_address>0xcfa</load_address>
         <run_address>0xcfa</run_address>
         <size>0x3e</size>
         <input_file_ref idref="fl-10"/>
      </object_component>
      <object_component id="oc-44">
         <name>.debug_frame</name>
         <load_address>0xd38</load_address>
         <run_address>0xd38</run_address>
         <size>0xa4</size>
         <input_file_ref idref="fl-11"/>
      </object_component>
      <object_component id="oc-49">
         <name>.debug_frame</name>
         <load_address>0xddc</load_address>
         <run_address>0xddc</run_address>
         <size>0x5e</size>
         <input_file_ref idref="fl-11"/>
      </object_component>
      <object_component id="oc-79">
         <name>.debug_frame</name>
         <load_address>0xe3a</load_address>
         <run_address>0xe3a</run_address>
         <size>0x101</size>
         <input_file_ref idref="fl-12"/>
      </object_component>
      <object_component id="oc-87">
         <name>.debug_frame</name>
         <load_address>0xf3b</load_address>
         <run_address>0xf3b</run_address>
         <size>0x4e</size>
         <input_file_ref idref="fl-138"/>
      </object_component>
      <object_component id="oc-11">
         <name>.debug_frame</name>
         <load_address>0xf89</load_address>
         <run_address>0xf89</run_address>
         <size>0x3f</size>
         <input_file_ref idref="fl-139"/>
      </object_component>
      <object_component id="oc-57">
         <name>.debug_frame</name>
         <load_address>0xfc8</load_address>
         <run_address>0xfc8</run_address>
         <size>0x4e</size>
         <input_file_ref idref="fl-13a"/>
      </object_component>
      <object_component id="oc-13">
         <name>.debug_frame</name>
         <load_address>0x1016</load_address>
         <run_address>0x1016</run_address>
         <size>0x3f</size>
         <input_file_ref idref="fl-13a"/>
      </object_component>
      <object_component id="oc-19">
         <name>.debug_frame</name>
         <load_address>0x1055</load_address>
         <run_address>0x1055</run_address>
         <size>0x3f</size>
         <input_file_ref idref="fl-13b"/>
      </object_component>
      <object_component id="oc-f0">
         <name>.debug_frame</name>
         <load_address>0x1094</load_address>
         <run_address>0x1094</run_address>
         <size>0x4e</size>
         <input_file_ref idref="fl-13c"/>
      </object_component>
      <object_component id="oc-97">
         <name>.debug_frame</name>
         <load_address>0x10e2</load_address>
         <run_address>0x10e2</run_address>
         <size>0x6f</size>
         <input_file_ref idref="fl-13d"/>
      </object_component>
      <object_component id="oc-104">
         <name>.debug_frame</name>
         <load_address>0x1151</load_address>
         <run_address>0x1151</run_address>
         <size>0x52</size>
         <input_file_ref idref="fl-141"/>
      </object_component>
      <object_component id="oc-1d6">
         <name>.debug_frame</name>
         <load_address>0x11a3</load_address>
         <run_address>0x11a3</run_address>
         <size>0x61</size>
         <input_file_ref idref="fl-145"/>
      </object_component>
      <object_component id="oc-207">
         <name>.debug_frame</name>
         <load_address>0x1204</load_address>
         <run_address>0x1204</run_address>
         <size>0x3f</size>
         <input_file_ref idref="fl-147"/>
      </object_component>
      <object_component id="oc-1e1">
         <name>.debug_abbrev</name>
         <load_address>0x0</load_address>
         <run_address>0x0</run_address>
         <size>0x79</size>
         <input_file_ref idref="fl-2"/>
      </object_component>
      <object_component id="oc-1b7">
         <name>.debug_abbrev</name>
         <load_address>0x79</load_address>
         <run_address>0x79</run_address>
         <size>0xc8</size>
         <input_file_ref idref="fl-2"/>
      </object_component>
      <object_component id="oc-9f">
         <name>.debug_abbrev</name>
         <load_address>0x141</load_address>
         <run_address>0x141</run_address>
         <size>0x6f</size>
         <input_file_ref idref="fl-2"/>
      </object_component>
      <object_component id="oc-a2">
         <name>.debug_abbrev</name>
         <load_address>0x1b0</load_address>
         <run_address>0x1b0</run_address>
         <size>0x5a</size>
         <input_file_ref idref="fl-2"/>
      </object_component>
      <object_component id="oc-111">
         <name>.debug_abbrev</name>
         <load_address>0x20a</load_address>
         <run_address>0x20a</run_address>
         <size>0x1f</size>
         <input_file_ref idref="fl-2"/>
      </object_component>
      <object_component id="oc-b3">
         <name>.debug_abbrev</name>
         <load_address>0x229</load_address>
         <run_address>0x229</run_address>
         <size>0x7c</size>
         <input_file_ref idref="fl-2"/>
      </object_component>
      <object_component id="oc-122">
         <name>.debug_abbrev</name>
         <load_address>0x2a5</load_address>
         <run_address>0x2a5</run_address>
         <size>0x35</size>
         <input_file_ref idref="fl-2"/>
      </object_component>
      <object_component id="oc-b8">
         <name>.debug_abbrev</name>
         <load_address>0x2da</load_address>
         <run_address>0x2da</run_address>
         <size>0x55</size>
         <input_file_ref idref="fl-2"/>
      </object_component>
      <object_component id="oc-161">
         <name>.debug_abbrev</name>
         <load_address>0x32f</load_address>
         <run_address>0x32f</run_address>
         <size>0x4b</size>
         <input_file_ref idref="fl-2"/>
      </object_component>
      <object_component id="oc-1ba">
         <name>.debug_abbrev</name>
         <load_address>0x37a</load_address>
         <run_address>0x37a</run_address>
         <size>0x7a</size>
         <input_file_ref idref="fl-2"/>
      </object_component>
      <object_component id="oc-142">
         <name>.debug_abbrev</name>
         <load_address>0x3f4</load_address>
         <run_address>0x3f4</run_address>
         <size>0x4b</size>
         <input_file_ref idref="fl-2"/>
      </object_component>
      <object_component id="oc-14a">
         <name>.debug_abbrev</name>
         <load_address>0x43f</load_address>
         <run_address>0x43f</run_address>
         <size>0x36</size>
         <input_file_ref idref="fl-3"/>
      </object_component>
      <object_component id="oc-18f">
         <name>.debug_abbrev</name>
         <load_address>0x475</load_address>
         <run_address>0x475</run_address>
         <size>0x64</size>
         <input_file_ref idref="fl-4"/>
      </object_component>
      <object_component id="oc-e4">
         <name>.debug_abbrev</name>
         <load_address>0x4d9</load_address>
         <run_address>0x4d9</run_address>
         <size>0xc8</size>
         <input_file_ref idref="fl-4"/>
      </object_component>
      <object_component id="oc-a8">
         <name>.debug_abbrev</name>
         <load_address>0x5a1</load_address>
         <run_address>0x5a1</run_address>
         <size>0x6f</size>
         <input_file_ref idref="fl-4"/>
      </object_component>
      <object_component id="oc-129">
         <name>.debug_abbrev</name>
         <load_address>0x610</load_address>
         <run_address>0x610</run_address>
         <size>0x4b</size>
         <input_file_ref idref="fl-4"/>
      </object_component>
      <object_component id="oc-e7">
         <name>.debug_abbrev</name>
         <load_address>0x65b</load_address>
         <run_address>0x65b</run_address>
         <size>0x6b</size>
         <input_file_ref idref="fl-4"/>
      </object_component>
      <object_component id="oc-1df">
         <name>.debug_abbrev</name>
         <load_address>0x6c6</load_address>
         <run_address>0x6c6</run_address>
         <size>0xad</size>
         <input_file_ref idref="fl-5"/>
      </object_component>
      <object_component id="oc-11e">
         <name>.debug_abbrev</name>
         <load_address>0x773</load_address>
         <run_address>0x773</run_address>
         <size>0x7a</size>
         <input_file_ref idref="fl-5"/>
      </object_component>
      <object_component id="oc-152">
         <name>.debug_abbrev</name>
         <load_address>0x7ed</load_address>
         <run_address>0x7ed</run_address>
         <size>0x7c</size>
[...]
      </symbol>
      <symbol id="sm-29d">
         <name>_coreClearAuxiliaryDataFault_</name>
         <value>0x579c</value>
         <object_component_ref idref="oc-6f"/>
      </symbol>
      <symbol id="sm-29e">
         <name>_coreEnableEventBusExport_</name>
         <value>0x5678</value>
         <object_component_ref idref="oc-6f"/>
      </symbol>
      <symbol id="sm-2aa">
         <name>resetEntry</name>
         <value>0x0</value>
         <object_component_ref idref="oc-33"/>
      </symbol>
      <symbol id="sm-2ef">
         <name>sciSendText</name>
         <value>0x547c</value>
         <object_component_ref idref="oc-8c"/>
      </symbol>
      <symbol id="sm-2f0">
         <name>error</name>
         <value>0x8001584</value>
         <object_component_ref idref="oc-105"/>
      </symbol>
      <symbol id="sm-2f1">
         <name>cnt</name>
         <value>0x8001580</value>
         <object_component_ref idref="oc-105"/>
      </symbol>
      <symbol id="sm-2f2">
         <name>dumpSomeData</name>
         <value>0x53e4</value>
         <object_component_ref idref="oc-8c"/>
      </symbol>
      <symbol id="sm-2f3">
         <name>rx_data</name>
         <value>0x8001500</value>
         <object_component_ref idref="oc-10b"/>
      </symbol>
      <symbol id="sm-2f4">
         <name>rx_ptr</name>
         <value>0x8001590</value>
         <object_component_ref idref="oc-105"/>
      </symbol>
      <symbol id="sm-2f5">
         <name>tx_ptr</name>
         <value>0x800158c</value>
         <object_component_ref idref="oc-105"/>
      </symbol>
      <symbol id="sm-2f6">
         <name>main</name>
         <value>0x51a8</value>
         <object_component_ref idref="oc-8c"/>
      </symbol>
      <symbol id="sm-2f7">
         <name>tx_done</name>
         <value>0x8001588</value>
         <object_component_ref idref="oc-105"/>
      </symbol>
      <symbol id="sm-2f8">
         <name>dptr</name>
         <value>0x8001594</value>
         <object_component_ref idref="oc-105"/>
      </symbol>
      <symbol id="sm-2f9">
         <name>tx_data</name>
         <value>0x8001540</value>
         <object_component_ref idref="oc-108"/>
      </symbol>
      <symbol id="sm-312">
         <name>phantomInterrupt</name>
         <value>0x6dc8</value>
         <object_component_ref idref="oc-38"/>
      </symbol>
      <symbol id="sm-31b">
         <name>_pmuResetCounters_</name>
         <value>0x66f8</value>
         <object_component_ref idref="oc-dd"/>
      </symbol>
      <symbol id="sm-31c">
         <name>_pmuGetEventCount_</name>
         <value>0x6734</value>
         <object_component_ref idref="oc-dd"/>
      </symbol>
      <symbol id="sm-31d">
         <name>_pmuResetEventCounters_</name>
         <value>0x66e0</value>
         <object_component_ref idref="oc-dd"/>
      </symbol>
      <symbol id="sm-31e">
         <name>_pmuStopCounters_</name>
         <value>0x6718</value>
         <object_component_ref idref="oc-dd"/>
      </symbol>
      <symbol id="sm-31f">
         <name>_pmuInit_</name>
         <value>0x6644</value>
         <object_component_ref idref="oc-dd"/>
      </symbol>
      <symbol id="sm-320">
         <name>_pmuGetOverflow_</name>
         <value>0x6740</value>
         <object_component_ref idref="oc-dd"/>
      </symbol>
      <symbol id="sm-321">
         <name>_pmuResetCycleCounter_</name>
         <value>0x66c8</value>
         <object_component_ref idref="oc-dd"/>
      </symbol>
      <symbol id="sm-322">
         <name>_pmuSetCountEvent_</name>
         <value>0x6720</value>
         <object_component_ref idref="oc-dd"/>
      </symbol>
      <symbol id="sm-323">
         <name>_pmuGetCycleCount_</name>
         <value>0x672c</value>
         <object_component_ref idref="oc-dd"/>
      </symbol>
      <symbol id="sm-324">
         <name>_pmuEnableCountersGlobal_</name>
         <value>0x6698</value>
         <object_component_ref idref="oc-dd"/>
      </symbol>
      <symbol id="sm-325">
         <name>_pmuDisableCountersGlobal_</name>
         <value>0x66b0</value>
         <object_component_ref idref="oc-dd"/>
      </symbol>
      <symbol id="sm-326">
         <name>_pmuStartCounters_</name>
         <value>0x6710</value>
         <object_component_ref idref="oc-dd"/>
      </symbol>
      <symbol id="sm-48a">
         <name>pbistSelfCheck</name>
         <value>0x2cc</value>
         <object_component_ref idref="oc-7a"/>
      </symbol>
      <symbol id="sm-48b">
         <name>fmcBus1ParityCheck</name>
         <value>0x1c00</value>
         <object_component_ref idref="oc-7a"/>
      </symbol>
      <symbol id="sm-48c">
         <name>can1ParityCheck</name>
         <value>0x10bc</value>
         <object_component_ref idref="oc-7a"/>
      </symbol>
      <symbol id="sm-48d">
         <name>enableParity</name>
         <value>0x23d0</value>
         <object_component_ref idref="oc-7a"/>
      </symbol>
      <symbol id="sm-48e">
         <name>custom_dabort</name>
         <value>0xdf4</value>
         <object_component_ref idref="oc-7a"/>
      </symbol>
      <symbol id="sm-48f">
         <name>memoryInit</name>
         <value>0x174</value>
         <object_component_ref idref="oc-7a"/>
      </symbol>
      <symbol id="sm-490">
         <name>stcSelfCheck</name>
         <value>0x1b8</value>
         <object_component_ref idref="oc-7a"/>
      </symbol>
      <symbol id="sm-491">
         <name>efcGetConfigValue</name>
         <value>0x1f98</value>
         <object_component_ref idref="oc-7a"/>
      </symbol>
      <symbol id="sm-492">
         <name>can2ParityCheck</name>
         <value>0x1198</value>
         <object_component_ref idref="oc-7a"/>
      </symbol>
      <symbol id="sm-493">
         <name>het1ParityCheck</name>
         <value>0xeac</value>
         <object_component_ref idref="oc-7a"/>
      </symbol>
      <symbol id="sm-494">
         <name>adc1ParityCheck</name>
         <value>0x1004</value>
         <object_component_ref idref="oc-7a"/>
      </symbol>
      <symbol id="sm-495">
         <name>checkefcSelfTest</name>
         <value>0x7bc</value>
         <object_component_ref idref="oc-7a"/>
      </symbol>
      <symbol id="sm-496">
         <name>checkRAMECC</name>
         <value>0x13bc</value>
         <object_component_ref idref="oc-7a"/>
      </symbol>
      <symbol id="sm-497">
         <name>stcSelfCheckFail</name>
         <value>0xdf8</value>
         <object_component_ref idref="oc-7a"/>
      </symbol>
      <symbol id="sm-498">
         <name>ccmSelfCheck</name>
         <value>0x30</value>
         <object_component_ref idref="oc-7a"/>
      </symbol>
      <symbol id="sm-499">
         <name>efcCheck</name>
         <value>0x660</value>
         <object_component_ref idref="oc-7a"/>
      </symbol>
      <symbol id="sm-49a">
         <name>cpuSelfTest</name>
         <value>0x234</value>
         <object_component_ref idref="oc-7a"/>
      </symbol>
      <symbol id="sm-49b">
         <name>htu1ParityCheck</name>
         <value>0xf4c</value>
         <object_component_ref idref="oc-7a"/>
      </symbol>
      <symbol id="sm-49c">
         <name>checkFlashECC</name>
         <value>0xd18</value>
         <object_component_ref idref="oc-7a"/>
      </symbol>
      <symbol id="sm-49d">
         <name>cpuSelfTestFail</name>
         <value>0xdfc</value>
         <object_component_ref idref="oc-7a"/>
      </symbol>
      <symbol id="sm-49e">
         <name>checkPLL1Slip</name>
         <value>0x1880</value>
         <object_component_ref idref="oc-7a"/>
      </symbol>
      <symbol id="sm-49f">
         <name>mibspi1ParityCheck</name>
         <value>0x1260</value>
         <object_component_ref idref="oc-7a"/>
      </symbol>
      <symbol id="sm-4a0">
         <name>ccmr4GetConfigValue</name>
         <value>0x2034</value>
         <object_component_ref idref="oc-7a"/>
      </symbol>
      <symbol id="sm-4a1">
         <name>pbistPortTestStatus</name>
         <value>0x608</value>
         <object_component_ref idref="oc-7a"/>
      </symbol>
      <symbol id="sm-4a2">
         <name>checkFlashEEPROMECC</name>
         <value>0x16d8</value>
         <object_component_ref idref="oc-7a"/>
      </symbol>
      <symbol id="sm-4a3">
         <name>pbistGetConfigValue</name>
         <value>0x1db0</value>
         <object_component_ref idref="oc-7a"/>
      </symbol>
      <symbol id="sm-4a4">
         <name>vimParityCheck</name>
         <value>0xe00</value>
         <object_component_ref idref="oc-7a"/>
      </symbol>
      <symbol id="sm-4a5">
         <name>pbistIsTestCompleted</name>
         <value>0x5a8</value>
         <object_component_ref idref="oc-7a"/>
      </symbol>
      <symbol id="sm-4a6">
         <name>disableParity</name>
         <value>0x2424</value>
         <object_component_ref idref="oc-7a"/>
      </symbol>
      <symbol id="sm-4a7">
         <name>pbistRun</name>
         <value>0x4ac</value>
         <object_component_ref idref="oc-7a"/>
      </symbol>
      <symbol id="sm-4a8">
         <name>pbistFail</name>
         <value>0x1d2c</value>
         <object_component_ref idref="oc-7a"/>
      </symbol>
      <symbol id="sm-4a9">
         <name>selftestFailNotification</name>
         <value>0x20</value>
         <object_component_ref idref="oc-7a"/>
      </symbol>
      <symbol id="sm-4aa">
         <name>errata_PBIST_4</name>
         <value>0x20b0</value>
         <object_component_ref idref="oc-7a"/>
      </symbol>
      <symbol id="sm-4ab">
         <name>efcSelfTest</name>
         <value>0x794</value>
         <object_component_ref idref="oc-7a"/>
      </symbol>
      <symbol id="sm-4ac">
         <name>checkB1RAMECC</name>
         <value>0xb28</value>
         <object_component_ref idref="oc-7a"/>
      </symbol>
      <symbol id="sm-4ad">
         <name>pbistStop</name>
         <value>0x578</value>
         <object_component_ref idref="oc-7a"/>
      </symbol>
      <symbol id="sm-4ae">
         <name>checkRAMAddrParity</name>
         <value>0x199c</value>
         <object_component_ref idref="oc-7a"/>
      </symbol>
      <symbol id="sm-4af">
         <name>checkB0RAMECC</name>
         <value>0x938</value>
         <object_component_ref idref="oc-7a"/>
      </symbol>
      <symbol id="sm-4b0">
         <name>stcGetConfigValue</name>
         <value>0x1ef8</value>
         <object_component_ref idref="oc-7a"/>
      </symbol>
      <symbol id="sm-4b1">
         <name>pbistIsTestPassed</name>
         <value>0x5d4</value>
         <object_component_ref idref="oc-7a"/>
      </symbol>
      <symbol id="sm-4b2">
         <name>checkClockMonitor</name>
         <value>0x1604</value>
         <object_component_ref idref="oc-7a"/>
      </symbol>
      <symbol id="sm-4b3">
         <name>fmcECCcheck</name>
         <value>0x898</value>
         <object_component_ref idref="oc-7a"/>
      </symbol>
      <symbol id="sm-4b4">
         <name>fmcBus2Check</name>
         <value>0x85c</value>
         <object_component_ref idref="oc-7a"/>
      </symbol>
      <symbol id="sm-4b5">
         <name>checkRAMUERRTest</name>
         <value>0x1aa4</value>
         <object_component_ref idref="oc-7a"/>
      </symbol>
      <symbol id="sm-4b6">
         <name>efcStuckZeroTest</name>
         <value>0x6e8</value>
         <object_component_ref idref="oc-7a"/>
      </symbol>
      <symbol id="sm-4d5">
         <name>_c_int00</name>
         <value>0x5d14</value>
         <object_component_ref idref="oc-1e"/>
      </symbol>
      <symbol id="sm-56c">
         <name>vimChannelMap</name>
         <value>0x3d74</value>
         <object_component_ref idref="oc-3f"/>
      </symbol>
      <symbol id="sm-56d">
         <name>vimInit</name>
         <value>0x3ca0</value>
         <object_component_ref idref="oc-3f"/>
      </symbol>
      <symbol id="sm-56e">
         <name>vimEnableInterrupt</name>
         <value>0x3e18</value>
         <object_component_ref idref="oc-3f"/>
      </symbol>
      <symbol id="sm-56f">
         <name>vimDisableInterrupt</name>
         <value>0x3f70</value>
         <object_component_ref idref="oc-3f"/>
      </symbol>
      <symbol id="sm-570">
         <name>vimGetConfigValue</name>
         <value>0x3ff4</value>
         <object_component_ref idref="oc-3f"/>
      </symbol>
      <symbol id="sm-571">
         <name>vimParityErrorHandler</name>
         <value>0x5894</value>
         <object_component_ref idref="oc-3e"/>
      </symbol>
      <symbol id="sm-5c4">
         <name>systemGetConfigValue</name>
         <value>0x3548</value>
         <object_component_ref idref="oc-74"/>
      </symbol>
      <symbol id="sm-5c5">
         <name>trimLPO</name>
         <value>0x328c</value>
         <object_component_ref idref="oc-74"/>
      </symbol>
      <symbol id="sm-5c6">
         <name>systemInit</name>
         <value>0x344c</value>
         <object_component_ref idref="oc-74"/>
      </symbol>
      <symbol id="sm-5c7">
         <name>tcmflashGetConfigValue</name>
         <value>0x3908</value>
         <object_component_ref idref="oc-74"/>
      </symbol>
      <symbol id="sm-5c8">
         <name>sramGetConfigValue</name>
         <value>0x3ab4</value>
         <object_component_ref idref="oc-74"/>
      </symbol>
      <symbol id="sm-5c9">
         <name>periphInit</name>
         <value>0x3314</value>
         <object_component_ref idref="oc-74"/>
      </symbol>
      <symbol id="sm-5ca">
         <name>setupFlash</name>
         <value>0x32d4</value>
         <object_component_ref idref="oc-74"/>
      </symbol>
      <symbol id="sm-5cb">
         <name>setupPLL</name>
         <value>0x323c</value>
         <object_component_ref idref="oc-74"/>
      </symbol>
      <symbol id="sm-5cc">
         <name>mapClocks</name>
         <value>0x3368</value>
         <object_component_ref idref="oc-74"/>
      </symbol>
      <symbol id="sm-5cd">
         <name>systemPowerDown</name>
         <value>0x3518</value>
         <object_component_ref idref="oc-74"/>
      </symbol>
      <symbol id="sm-5f7">
         <name>__TI_auto_init</name>
         <value>0x69d8</value>
         <object_component_ref idref="oc-86"/>
      </symbol>
      <symbol id="sm-60e">
         <name>__TI_decompress_none</name>
         <value>0x6d9c</value>
         <object_component_ref idref="oc-c"/>
      </symbol>
      <symbol id="sm-62f">
         <name>__TI_decompress_rle24</name>
         <value>0x6dc0</value>
         <object_component_ref idref="oc-12"/>
      </symbol>
      <symbol id="sm-641">
         <name>__TI_zero_init</name>
         <value>0x6db0</value>
         <object_component_ref idref="oc-18"/>
      </symbol>
      <symbol id="sm-65b">
         <name>copy_in</name>
         <value>0x6b18</value>
         <object_component_ref idref="oc-eb"/>
      </symbol>
      <symbol id="sm-67b">
         <name>C$$EXIT</name>
         <value>0x6c1c</value>
         <object_component_ref idref="oc-92"/>
      </symbol>
      <symbol id="sm-67c">
         <name>abort</name>
         <value>0x6c24</value>
         <object_component_ref idref="oc-92"/>
      </symbol>
      <symbol id="sm-67d">
         <name>exit</name>
         <value>0x6c30</value>
         <object_component_ref idref="oc-92"/>
      </symbol>
      <symbol id="sm-67e">
         <name>__TI_dtors_ptr</name>
         <value>0x80015a4</value>
         <object_component_ref idref="oc-118"/>
      </symbol>
      <symbol id="sm-67f">
         <name>__TI_cleanup_ptr</name>
         <value>0x80015a0</value>
         <object_component_ref idref="oc-118"/>
      </symbol>
      <symbol id="sm-6a3">
         <name>__aeabi_dsub</name>
         <value>0x5b00</value>
         <object_component_ref idref="oc-1a9"/>
      </symbol>
      <symbol id="sm-6a4">
         <name>__aeabi_dadd</name>
         <value>0x5b0c</value>
         <object_component_ref idref="oc-1a9"/>
      </symbol>
      <symbol id="sm-6c4">
         <name>__aeabi_ddiv</name>
         <value>0x60cc</value>
         <object_component_ref idref="oc-1a4"/>
      </symbol>
      <symbol id="sm-6d1">
         <name>__aeabi_d2uiz</name>
         <value>0x6c94</value>
         <object_component_ref idref="oc-1ae"/>
      </symbol>
      <symbol id="sm-6df">
         <name>ltoa</name>
         <value>0x6b9c</value>
         <object_component_ref idref="oc-ff"/>
      </symbol>
      <symbol id="sm-6f8">
         <name>memcpy</name>
         <value>0x625c</value>
         <object_component_ref idref="oc-4a"/>
      </symbol>
      <symbol id="sm-6f9">
         <name>__aeabi_memcpy</name>
         <value>0x625c</value>
         <object_component_ref idref="oc-4a"/>
      </symbol>
      <symbol id="sm-6fa">
         <name>__aeabi_memcpy8</name>
         <value>0x625c</value>
         <object_component_ref idref="oc-4a"/>
      </symbol>
      <symbol id="sm-6fb">
         <name>__aeabi_memcpy4</name>
         <value>0x625c</value>
         <object_component_ref idref="oc-4a"/>
      </symbol>
      <symbol id="sm-70a">
         <name>__aeabi_memset</name>
         <value>0x692c</value>
         <object_component_ref idref="oc-63"/>
      </symbol>
      <symbol id="sm-70b">
         <name>memset</name>
         <value>0x6938</value>
         <object_component_ref idref="oc-63"/>
      </symbol>
      <symbol id="sm-70c">
         <name>__aeabi_memset8</name>
         <value>0x692c</value>
         <object_component_ref idref="oc-63"/>
      </symbol>
      <symbol id="sm-70d">
         <name>__aeabi_memset4</name>
         <value>0x692c</value>
         <object_component_ref idref="oc-63"/>
      </symbol>
      <symbol id="sm-70e">
         <name>__aeabi_memclr8</name>
         <value>0x6928</value>
         <object_component_ref idref="oc-63"/>
      </symbol>
      <symbol id="sm-70f">
         <name>__aeabi_memclr4</name>
         <value>0x6928</value>
         <object_component_ref idref="oc-63"/>
      </symbol>
      <symbol id="sm-710">
         <name>__aeabi_memclr</name>
         <value>0x6928</value>
         <object_component_ref idref="oc-63"/>
      </symbol>
      <symbol id="sm-71c">
         <name>__aeabi_ui2d</name>
         <value>0x6d44</value>
         <object_component_ref idref="oc-19f"/>
      </symbol>
      <symbol id="sm-736">
         <name>_nop</name>
         <value>0x6d90</value>
         <object_component_ref idref="oc-1d1"/>
      </symbol>
      <symbol id="sm-737">
         <name>_lock</name>
         <value>0x8001598</value>
         <object_component_ref idref="oc-115"/>
      </symbol>
      <symbol id="sm-738">
         <name>_unlock</name>
         <value>0x800159c</value>
         <object_component_ref idref="oc-115"/>
      </symbol>
      <symbol id="sm-739">
         <name>_register_lock</name>
         <value>0x6d84</value>
         <object_component_ref idref="oc-1d1"/>
      </symbol>
      <symbol id="sm-73a">
         <name>_register_unlock</name>
         <value>0x6d78</value>
         <object_component_ref idref="oc-1d1"/>
      </symbol>
      <symbol id="sm-749">
         <name>__aeabi_idivmod</name>
         <value>0x6cf0</value>
         <object_component_ref idref="oc-1bd"/>
      </symbol>
      <symbol id="sm-74a">
         <name>__aeabi_idiv</name>
         <value>0x6cf0</value>
         <object_component_ref idref="oc-1bd"/>
      </symbol>
      <symbol id="sm-754">
         <name>__aeabi_idiv0</name>
         <value>0x6dcc</value>
         <object_component_ref idref="oc-202"/>
      </symbol>
      <symbol id="sm-755">
         <name>__TI_static_base__</name>
         <value>0x0</value>
      </symbol>
      <symbol id="sm-758">
         <name>SHT$$INIT_ARRAY$$Base</name>
         <value>0x0</value>
      </symbol>
      <symbol id="sm-759">
         <name>SHT$$INIT_ARRAY$$Limit</name>
         <value>0x0</value>
      </symbol>
   </symbol_table>
   <title>Link successful</title>
</link_info>
