******************************************************************************
                  TI ARM Linker PC v5.2.5                      
******************************************************************************
>> Linked Sun Nov 15 19:21:55 2015

OUTPUT FILE NAME:   <CAN_example.out>
ENTRY POINT SYMBOL: "_c_int00"  address: 000050d0


MEMORY CONFIGURATION

         name            origin    length      used     unused   attr    fill
----------------------  --------  ---------  --------  --------  ----  --------
  VECTORS               00000000   00000020  00000020  00000000     X
  FLASH0                00000020   0005ffe0  00006204  00059ddc  R  X
  STACKS                08000000   00001500  00000000  00001500  RW  
  RAM                   08001500   00006b00  000000a8  00006a58  RW  


SEGMENT ALLOCATION MAP

run origin  load origin   length   init length attrs members
----------  ----------- ---------- ----------- ----- -------
00000000    00000000    00006228   00006228    r-x
  00000000    00000000    00000020   00000020    r-x .intvecs
  00000020    00000020    00006054   00006054    r-x .text
  00006074    00006074    00000180   00000180    r-- .const
  000061f8    000061f8    00000030   00000030    r-- .cinit
08001500    08001500    000000a8   00000000    rw-
  08001500    08001500    000000a8   00000000    rw- .data


SECTION ALLOCATION MAP

 output                                  attributes/
section   page    origin      length       input sections
--------  ----  ----------  ----------   ----------------
.intvecs   0    00000000    00000020     
                  00000000    00000020     sys_intvecs.obj (.intvecs)

.text      0    00000020    00006054     
                  00000020    000024f0     sys_selftest.obj (.text)
                  00002510    00000d2c     can.obj (.text)
                  0000323c    00000a64     system.obj (.text)
                  00003ca0    0000089c     sys_vim.obj (.text)
                  0000453c    000005e8     esm.obj (.text)
                  00004b24    00000340     sys_core.obj (.text)
                  00004e64    0000026c     sys_vim.obj (.text:retain)
                  000050d0    00000208     sys_startup.obj (.text:retain)
                  000052d8    00000204     sys_main.obj (.text)
                  000054dc    000001b0     can.obj (.text:retain)
                  0000568c    00000180     rtsv7R4_A_le_eabi.lib : memcpy32.obj (.text)
                  0000580c    00000150     pinmux.obj (.text)
                  0000595c    00000110     sys_pmu.obj (.text)
                  00005a6c    00000104     notification.obj (.text)
                  00005b70    000000ec     esm.obj (.text:retain)
                  00005c5c    000000e8     dabort.obj (.text)
                  00005d44    000000b0     rtsv7R4_A_le_eabi.lib : memset32.obj (.text)
                  00005df4    000000a4                           : autoinit.obj (.text)
                  00005e98    0000009c                           : copy_decompress_rle.obj (.text)
                  00005f34    00000084                           : cpy_tbl.obj (.text)
                  00005fb8    00000078                           : exit.obj (.text)
                  00006030    00000024                           : _lock.obj (.text)
                  00006054    00000014                           : copy_decompress_none.obj (.text:decompress:none)
                  00006068    00000008                           : copy_decompress_rle.obj (.text:decompress:rle24)
                  00006070    00000004     sys_phantom.obj (.text:retain)

.const     0    00006074    00000180     
                  00006074    00000180     sys_vim.obj (.const:s_vim_init)

.cinit     0    000061f8    00000030     
                  000061f8    0000001d     (.cinit..data.load) [load image, compression = rle]
                  00006215    00000003     --HOLE-- [fill = 0]
                  00006218    00000008     (__TI_handler_table)
                  00006220    00000008     (__TI_cinit_table)

.data      0    08001500    000000a8     UNINITIALIZED
                  08001500    00000040     sys_main.obj (.data:rx_data)
                  08001540    00000040     sys_main.obj (.data:tx_data)
                  08001580    00000018     sys_main.obj (.data)
                  08001598    00000008     rtsv7R4_A_le_eabi.lib : _lock.obj (.data)
                  080015a0    00000008                           : exit.obj (.data)

.TI.persistent 
*          0    08001500    00000000     UNINITIALIZED


LINKER GENERATED COPY TABLES

__TI_cinit_table @ 00006220 records: 1, size/record: 8, table size: 8
	.data: load addr=000061f8, load size=0000001d bytes, run addr=08001500, run size=000000a8 bytes, compression=rle


LINKER GENERATED HANDLER TABLE

__TI_handler_table @ 00006218 records: 2, size/record: 4, table size: 8
	index: 0, handler: __TI_decompress_rle24
	index: 1, handler: __TI_decompress_none


GLOBAL SYMBOLS: SORTED ALPHABETICALLY BY Name 

address   name                                
-------   ----                                
00005fb8  C$$EXIT                             
UNDEFED   SHT$$INIT_ARRAY$$Base               
UNDEFED   SHT$$INIT_ARRAY$$Limit              
00006220  __TI_CINIT_Base                     
00006228  __TI_CINIT_Limit                    
00006218  __TI_Handler_Table_Base             
00006220  __TI_Handler_Table_Limit            
00004e5c  __TI_PINIT_Base                     
00004e60  __TI_PINIT_Limit                    
00005df4  __TI_auto_init                      
080015a0  __TI_cleanup_ptr                    
00006054  __TI_decompress_none                
00006068  __TI_decompress_rle24               
080015a4  __TI_dtors_ptr                      
00000000  __TI_static_base__                  
00005d44  __aeabi_memclr                      
00005d44  __aeabi_memclr4                     
00005d44  __aeabi_memclr8                     
0000568c  __aeabi_memcpy                      
0000568c  __aeabi_memcpy4                     
0000568c  __aeabi_memcpy8                     
00005d48  __aeabi_memset                      
00005d48  __aeabi_memset4                     
00005d48  __aeabi_memset8                     
ffffffff  __binit__                           
ffffffff  __c_args__                          
000050d0  _c_int00                            
00004d6c  _coreClearAuxiliaryDataFault_       
00004d88  _coreClearAuxiliaryInstructionFault_
00004d34  _coreClearDataFaultAddress_         
00004cfc  _coreClearDataFault_                
00004d50  _coreClearInstructionFaultAddress_  
00004d18  _coreClearInstructionFault_         
00004c60  _coreDisableEventBusExport_         
00004cc4  _coreDisableFlashEcc_               
00004c90  _coreDisableRamEcc_                 
00004c48  _coreEnableEventBusExport_          
00004ca8  _coreEnableFlashEcc_                
00004cdc  _coreEnableIrqVicOffset_            
00004c78  _coreEnableRamEcc_                  
00004d64  _coreGetAuxiliaryDataFault_         
00004d80  _coreGetAuxiliaryInstructionFault_  
00004d2c  _coreGetDataFaultAddress_           
00004cf4  _coreGetDataFault_                  
00004d48  _coreGetInstructionFaultAddress_    
00004d10  _coreGetInstructionFault_           
00004b24  _coreInitRegisters_                 
00004bdc  _coreInitStackPointer_              
00005c5c  _dabort                             
00004da4  _disable_FIQ_interrupt_             
00004dac  _disable_IRQ_interrupt_             
00004d9c  _disable_interrupt_                 
00004db4  _enable_interrupt_                  
00004e44  _errata_CORTEXR4_66_                
00004dbc  _esmCcmErrorsClear_                 
00004c28  _getCPSRValue_                      
00004c30  _gotoCPUIdle_                       
08001598  _lock                               
00006048  _nop                                
000059c8  _pmuDisableCountersGlobal_          
000059b0  _pmuEnableCountersGlobal_           
00005a44  _pmuGetCycleCount_                  
00005a4c  _pmuGetEventCount_                  
00005a58  _pmuGetOverflow_                    
0000595c  _pmuInit_                           
00005a10  _pmuResetCounters_                  
000059e0  _pmuResetCycleCounter_              
000059f8  _pmuResetEventCounters_             
00005a38  _pmuSetCountEvent_                  
00005a28  _pmuStartCounters_                  
00005a30  _pmuStopCounters_                   
0000603c  _register_lock                      
00006030  _register_unlock                    
0800159c  _unlock                             
00005fc0  abort                               
00001004  adc1ParityCheck                     
ffffffff  binit                               
00002ee0  can1GetConfigValue                  
000054dc  can1HighLevelInterrupt              
000010bc  can1ParityCheck                     
00003038  can2GetConfigValue                  
0000559c  can2HighLevelInterrupt              
00001198  can2ParityCheck                     
00002d80  canDisableErrorNotification         
00002d60  canDisableStatusChangeNotification  
00002dd8  canDisableloopback                  
00002d20  canEnableErrorNotification          
00002d40  canEnableStatusChangeNotification   
00002da0  canEnableloopback                   
00005ac4  canErrorNotification                
00002ad0  canFillMessageObjectData            
00002800  canGetData                          
00002cfc  canGetErrorLevel                    
00002950  canGetID                            
00002cd8  canGetLastError                     
00002510  canInit                             
00002ec4  canIoRxGetBit                       
00002e08  canIoSetDirection                   
00002e58  canIoSetPort                        
00002ea8  canIoTxGetBit                       
00002c7c  canIsMessageBoxValid                
00002c20  canIsRxMessageArrived               
00002bc4  canIsTxMessagePending               
00005aec  canMessageNotification              
00002a30  canSendRemoteFrame                  
00005ad8  canStatusChangeNotification         
0000270c  canTransmit                         
000029b8  canUpdateID                         
00000030  ccmSelfCheck                        
00002034  ccmr4GetConfigValue                 
00000938  checkB0RAMECC                       
00000b28  checkB1RAMECC                       
00001604  checkClockMonitor                   
00000d18  checkFlashECC                       
000016d8  checkFlashEEPROMECC                 
00001880  checkPLL1Slip                       
0000199c  checkRAMAddrParity                  
000013bc  checkRAMECC                         
00001aa4  checkRAMUERRTest                    
000007bc  checkefcSelfTest                    
08001580  cnt                                 
00005f34  copy_in                             
00000234  cpuSelfTest                         
00000dfc  cpuSelfTestFail                     
00000df4  custom_dabort                       
00002424  disableParity                       
08001594  dptr                                
0000541c  dumpSomeData                        
00000660  efcCheck                            
00001f98  efcGetConfigValue                   
00000794  efcSelfTest                         
000006e8  efcStuckZeroTest                    
000023d0  enableParity                        
000020b0  errata_PBIST_4                      
08001584  error                               
000046c8  esmActivateNormalOperation          
000047ac  esmClearStatus                      
000047f8  esmClearStatusBuffer                
0000468c  esmDisableError                     
00004704  esmDisableInterrupt                 
00004660  esmEnableError                      
000046d8  esmEnableInterrupt                  
000048f8  esmEnterSelfTest                    
00004644  esmError                            
000049d0  esmGetConfigValue                   
00004834  esmGetStatus                        
000048c0  esmGetStatusBuffer                  
00005a6c  esmGroup1Notification               
00005a7c  esmGroup2Notification               
00005b70  esmHighInterrupt                    
0000453c  esmInit                             
00004980  esmSelfTestStatus                   
00004814  esmSetCounterPreloadValue           
00004730  esmSetInterruptLevel                
000046b8  esmTriggerErrorPinReset             
00005fcc  exit                                
00001c00  fmcBus1ParityCheck                  
0000085c  fmcBus2Check                        
00000898  fmcECCcheck                         
00000eac  het1ParityCheck                     
00000f4c  htu1ParityCheck                     
000052d8  main                                
00003368  mapClocks                           
0000568c  memcpy                              
00000174  memoryInit                          
00005a8c  memoryPort0TestFailNotification     
00005aa8  memoryPort1TestFailNotification     
00005d54  memset                              
00001260  mibspi1ParityCheck                  
0000580c  muxInit                             
00001d2c  pbistFail                           
00001db0  pbistGetConfigValue                 
000005a8  pbistIsTestCompleted                
000005d4  pbistIsTestPassed                   
00000608  pbistPortTestStatus                 
000004ac  pbistRun                            
000002cc  pbistSelfCheck                      
00000578  pbistStop                           
00003314  periphInit                          
00006070  phantomInterrupt                    
00005894  pinmuxGetConfigValue                
00000000  resetEntry                          
08001500  rx_data                             
08001590  rx_ptr                              
00000020  selftestFailNotification            
000032d4  setupFlash                          
0000323c  setupPLL                            
00003ab4  sramGetConfigValue                  
00001ef8  stcGetConfigValue                   
000001b8  stcSelfCheck                        
00000df8  stcSelfCheckFail                    
00003548  systemGetConfigValue                
0000344c  systemInit                          
00003518  systemPowerDown                     
00003908  tcmflashGetConfigValue              
0000328c  trimLPO                             
08001540  tx_data                             
08001588  tx_done                             
0800158c  tx_ptr                              
00003d74  vimChannelMap                       
00003f70  vimDisableInterrupt                 
00003e18  vimEnableInterrupt                  
00003ff4  vimGetConfigValue                   
00003ca0  vimInit                             
00000e00  vimParityCheck                      
00004e64  vimParityErrorHandler               


GLOBAL SYMBOLS: SORTED BY Symbol Address 

address   name                                
-------   ----                                
00000000  __TI_static_base__                  
00000000  resetEntry                          
00000020  selftestFailNotification            
00000030  ccmSelfCheck                        
00000174  memoryInit                          
000001b8  stcSelfCheck                        
00000234  cpuSelfTest                         
000002cc  pbistSelfCheck                      
000004ac  pbistRun                            
00000578  pbistStop                           
000005a8  pbistIsTestCompleted                
000005d4  pbistIsTestPassed                   
00000608  pbistPortTestStatus                 
00000660  efcCheck                            
000006e8  efcStuckZeroTest                    
00000794  efcSelfTest                         
000007bc  checkefcSelfTest                    
0000085c  fmcBus2Check                        
00000898  fmcECCcheck                         
00000938  checkB0RAMECC                       
00000b28  checkB1RAMECC                       
00000d18  checkFlashECC                       
00000df4  custom_dabort                       
00000df8  stcSelfCheckFail                    
00000dfc  cpuSelfTestFail                     
00000e00  vimParityCheck                      
00000eac  het1ParityCheck                     
00000f4c  htu1ParityCheck                     
00001004  adc1ParityCheck                     
000010bc  can1ParityCheck                     
00001198  can2ParityCheck                     
00001260  mibspi1ParityCheck                  
000013bc  checkRAMECC                         
00001604  checkClockMonitor                   
000016d8  checkFlashEEPROMECC                 
00001880  checkPLL1Slip                       
0000199c  checkRAMAddrParity                  
00001aa4  checkRAMUERRTest                    
00001c00  fmcBus1ParityCheck                  
00001d2c  pbistFail                           
00001db0  pbistGetConfigValue                 
00001ef8  stcGetConfigValue                   
00001f98  efcGetConfigValue                   
00002034  ccmr4GetConfigValue                 
000020b0  errata_PBIST_4                      
000023d0  enableParity                        
00002424  disableParity                       
00002510  canInit                             
0000270c  canTransmit                         
00002800  canGetData                          
00002950  canGetID                            
000029b8  canUpdateID                         
00002a30  canSendRemoteFrame                  
00002ad0  canFillMessageObjectData            
00002bc4  canIsTxMessagePending               
00002c20  canIsRxMessageArrived               
00002c7c  canIsMessageBoxValid                
00002cd8  canGetLastError                     
00002cfc  canGetErrorLevel                    
00002d20  canEnableErrorNotification          
00002d40  canEnableStatusChangeNotification   
00002d60  canDisableStatusChangeNotification  
00002d80  canDisableErrorNotification         
00002da0  canEnableloopback                   
00002dd8  canDisableloopback                  
00002e08  canIoSetDirection                   
00002e58  canIoSetPort                        
00002ea8  canIoTxGetBit                       
00002ec4  canIoRxGetBit                       
00002ee0  can1GetConfigValue                  
00003038  can2GetConfigValue                  
0000323c  setupPLL                            
0000328c  trimLPO                             
000032d4  setupFlash                          
00003314  periphInit                          
00003368  mapClocks                           
0000344c  systemInit                          
00003518  systemPowerDown                     
00003548  systemGetConfigValue                
00003908  tcmflashGetConfigValue              
00003ab4  sramGetConfigValue                  
00003ca0  vimInit                             
00003d74  vimChannelMap                       
00003e18  vimEnableInterrupt                  
00003f70  vimDisableInterrupt                 
00003ff4  vimGetConfigValue                   
0000453c  esmInit                             
00004644  esmError                            
00004660  esmEnableError                      
0000468c  esmDisableError                     
000046b8  esmTriggerErrorPinReset             
000046c8  esmActivateNormalOperation          
000046d8  esmEnableInterrupt                  
00004704  esmDisableInterrupt                 
00004730  esmSetInterruptLevel                
000047ac  esmClearStatus                      
000047f8  esmClearStatusBuffer                
00004814  esmSetCounterPreloadValue           
00004834  esmGetStatus                        
000048c0  esmGetStatusBuffer                  
000048f8  esmEnterSelfTest                    
00004980  esmSelfTestStatus                   
000049d0  esmGetConfigValue                   
00004b24  _coreInitRegisters_                 
00004bdc  _coreInitStackPointer_              
00004c28  _getCPSRValue_                      
00004c30  _gotoCPUIdle_                       
00004c48  _coreEnableEventBusExport_          
00004c60  _coreDisableEventBusExport_         
00004c78  _coreEnableRamEcc_                  
00004c90  _coreDisableRamEcc_                 
00004ca8  _coreEnableFlashEcc_                
00004cc4  _coreDisableFlashEcc_               
00004cdc  _coreEnableIrqVicOffset_            
00004cf4  _coreGetDataFault_                  
00004cfc  _coreClearDataFault_                
00004d10  _coreGetInstructionFault_           
00004d18  _coreClearInstructionFault_         
00004d2c  _coreGetDataFaultAddress_           
00004d34  _coreClearDataFaultAddress_         
00004d48  _coreGetInstructionFaultAddress_    
00004d50  _coreClearInstructionFaultAddress_  
00004d64  _coreGetAuxiliaryDataFault_         
00004d6c  _coreClearAuxiliaryDataFault_       
00004d80  _coreGetAuxiliaryInstructionFault_  
00004d88  _coreClearAuxiliaryInstructionFault_
00004d9c  _disable_interrupt_                 
00004da4  _disable_FIQ_interrupt_             
00004dac  _disable_IRQ_interrupt_             
00004db4  _enable_interrupt_                  
00004dbc  _esmCcmErrorsClear_                 
00004e44  _errata_CORTEXR4_66_                
00004e5c  __TI_PINIT_Base                     
00004e60  __TI_PINIT_Limit                    
00004e64  vimParityErrorHandler               
000050d0  _c_int00                            
000052d8  main                                
0000541c  dumpSomeData                        
000054dc  can1HighLevelInterrupt              
0000559c  can2HighLevelInterrupt              
0000568c  __aeabi_memcpy                      
0000568c  __aeabi_memcpy4                     
0000568c  __aeabi_memcpy8                     
0000568c  memcpy                              
0000580c  muxInit                             
00005894  pinmuxGetConfigValue                
0000595c  _pmuInit_                           
000059b0  _pmuEnableCountersGlobal_           
000059c8  _pmuDisableCountersGlobal_          
000059e0  _pmuResetCycleCounter_              
000059f8  _pmuResetEventCounters_             
00005a10  _pmuResetCounters_                  
00005a28  _pmuStartCounters_                  
00005a30  _pmuStopCounters_                   
00005a38  _pmuSetCountEvent_                  
00005a44  _pmuGetCycleCount_                  
00005a4c  _pmuGetEventCount_                  
00005a58  _pmuGetOverflow_                    
00005a6c  esmGroup1Notification               
00005a7c  esmGroup2Notification               
00005a8c  memoryPort0TestFailNotification     
00005aa8  memoryPort1TestFailNotification     
00005ac4  canErrorNotification                
00005ad8  canStatusChangeNotification         
00005aec  canMessageNotification              
00005b70  esmHighInterrupt                    
00005c5c  _dabort                             
00005d44  __aeabi_memclr                      
00005d44  __aeabi_memclr4                     
00005d44  __aeabi_memclr8                     
00005d48  __aeabi_memset                      
00005d48  __aeabi_memset4                     
00005d48  __aeabi_memset8                     
00005d54  memset                              
00005df4  __TI_auto_init                      
00005f34  copy_in                             
00005fb8  C$$EXIT                             
00005fc0  abort                               
00005fcc  exit                                
00006030  _register_unlock                    
0000603c  _register_lock                      
00006048  _nop                                
00006054  __TI_decompress_none                
00006068  __TI_decompress_rle24               
00006070  phantomInterrupt                    
00006218  __TI_Handler_Table_Base             
00006220  __TI_CINIT_Base                     
00006220  __TI_Handler_Table_Limit            
00006228  __TI_CINIT_Limit                    
08001500  rx_data                             
08001540  tx_data                             
08001580  cnt                                 
08001584  error                               
08001588  tx_done                             
0800158c  tx_ptr                              
08001590  rx_ptr                              
08001594  dptr                                
08001598  _lock                               
0800159c  _unlock                             
080015a0  __TI_cleanup_ptr                    
080015a4  __TI_dtors_ptr                      
ffffffff  __binit__                           
ffffffff  __c_args__                          
ffffffff  binit                               
UNDEFED   SHT$$INIT_ARRAY$$Base               
UNDEFED   SHT$$INIT_ARRAY$$Limit              

[206 symbols]
