******************************************************************************
                  TI ARM Linker PC v5.2.5                      
******************************************************************************
>> Linked Sun Nov 22 20:51:17 2015

OUTPUT FILE NAME:   <CAN_example.out>
ENTRY POINT SYMBOL: "_c_int00"  address: 00005968


MEMORY CONFIGURATION

         name            origin    length      used     unused   attr    fill
----------------------  --------  ---------  --------  --------  ----  --------
  VECTORS               00000000   00000020  00000020  00000000     X
  FLASH0                00000020   0005ffe0  00006bc8  00059418  R  X
  STACKS                08000000   00001500  00000000  00001500  RW  
  RAM                   08001500   00006b00  000000bc  00006a44  RW  


SEGMENT ALLOCATION MAP

run origin  load origin   length   init length attrs members
----------  ----------- ---------- ----------- ----- -------
00000000    00000000    00006be8   00006be8    r-x
  00000000    00000000    00000020   00000020    r-x .intvecs
  00000020    00000020    00006a00   00006a00    r-x .text
  00006a20    00006a20    00000180   00000180    r-- .const
  00006ba0    00006ba0    00000048   00000048    r-- .cinit
08001500    08001500    000000bc   00000000    rw-
  08001500    08001500    000000a8   00000000    rw- .data
  080015a8    080015a8    00000014   00000000    rw- .bss


SECTION ALLOCATION MAP

 output                                  attributes/
section   page    origin      length       input sections
--------  ----  ----------  ----------   ----------------
.intvecs   0    00000000    00000020     
                  00000000    00000020     sys_intvecs.obj (.intvecs)

.text      0    00000020    00006a00     
                  00000020    000024f0     sys_selftest.obj (.text)
                  00002510    00000d2c     can.obj (.text)
                  0000323c    00000a64     system.obj (.text)
                  00003ca0    0000089c     sys_vim.obj (.text)
                  0000453c    00000684     sci.obj (.text)
                  00004bc0    000005e8     esm.obj (.text)
                  000051a8    00000340     sys_core.obj (.text)
                  000054e8    0000026c     sys_vim.obj (.text:retain)
                  00005754    00000214     rtsv7R4_A_le_eabi.lib : fd_add32.obj (.text)
                  00005968    00000208     sys_startup.obj (.text:retain)
                  00005b70    000001b0     can.obj (.text:retain)
                  00005d20    00000190     rtsv7R4_A_le_eabi.lib : fd_div32.obj (.text)
                  00005eb0    00000180                           : memcpy32.obj (.text)
                  00006030    00000150     pinmux.obj (.text)
                  00006180    00000118     notification.obj (.text)
                  00006298    00000110     sys_pmu.obj (.text)
                  000063a8    000000ec     esm.obj (.text:retain)
                  00006494    000000e8     dabort.obj (.text)
                  0000657c    000000d4     sys_main.obj (.text)
                  00006650    000000b0     rtsv7R4_A_le_eabi.lib : memset32.obj (.text)
                  00006700    000000a4                           : autoinit.obj (.text)
                  000067a4    0000009c                           : copy_decompress_rle.obj (.text)
                  00006840    00000084                           : cpy_tbl.obj (.text)
                  000068c4    00000078                           : exit.obj (.text)
                  0000693c    0000005c                           : fd_tou32.obj (.text)
                  00006998    00000034                           : u_tofd32.obj (.text)
                  000069cc    00000024                           : _lock.obj (.text)
                  000069f0    00000014                           : copy_decompress_none.obj (.text:decompress:none)
                  00006a04    00000010                           : copy_zero_init.obj (.text:decompress:ZI)
                  00006a14    00000008                           : copy_decompress_rle.obj (.text:decompress:rle24)
                  00006a1c    00000004     sys_phantom.obj (.text:retain)

.const     0    00006a20    00000180     
                  00006a20    00000180     sys_vim.obj (.const:s_vim_init)

.cinit     0    00006ba0    00000048     
                  00006ba0    0000001d     (.cinit..data.load) [load image, compression = rle]
                  00006bbd    00000003     --HOLE-- [fill = 0]
                  00006bc0    0000000c     (__TI_handler_table)
                  00006bcc    00000004     --HOLE-- [fill = 0]
                  00006bd0    00000008     (.cinit..bss.load) [load image, compression = zero_init]
                  00006bd8    00000010     (__TI_cinit_table)

.data      0    08001500    000000a8     UNINITIALIZED
                  08001500    00000040     sys_main.obj (.data:rx_data)
                  08001540    00000040     sys_main.obj (.data:tx_data)
                  08001580    00000018     sys_main.obj (.data)
                  08001598    00000008     rtsv7R4_A_le_eabi.lib : _lock.obj (.data)
                  080015a0    00000008                           : exit.obj (.data)

.bss       0    080015a8    00000014     UNINITIALIZED
                  080015a8    00000014     (.common:g_sciTransfer_t)

.TI.persistent 
*          0    08001500    00000000     UNINITIALIZED

.TI.noinit 
*          0    080015a8    00000000     UNINITIALIZED


LINKER GENERATED COPY TABLES

__TI_cinit_table @ 00006bd8 records: 2, size/record: 8, table size: 16
	.data: load addr=00006ba0, load size=0000001d bytes, run addr=08001500, run size=000000a8 bytes, compression=rle
	.bss: load addr=00006bd0, load size=00000008 bytes, run addr=080015a8, run size=00000014 bytes, compression=zero_init


LINKER GENERATED HANDLER TABLE

__TI_handler_table @ 00006bc0 records: 3, size/record: 4, table size: 12
	index: 0, handler: __TI_zero_init
	index: 1, handler: __TI_decompress_rle24
	index: 2, handler: __TI_decompress_none


GLOBAL SYMBOLS: SORTED ALPHABETICALLY BY Name 

address   name                                
-------   ----                                
000068c4  C$$EXIT                             
UNDEFED   SHT$$INIT_ARRAY$$Base               
UNDEFED   SHT$$INIT_ARRAY$$Limit              
00006bd8  __TI_CINIT_Base                     
00006be8  __TI_CINIT_Limit                    
00006bc0  __TI_Handler_Table_Base             
00006bcc  __TI_Handler_Table_Limit            
000054e0  __TI_PINIT_Base                     
000054e4  __TI_PINIT_Limit                    
00006700  __TI_auto_init                      
080015a0  __TI_cleanup_ptr                    
000069f0  __TI_decompress_none                
00006a14  __TI_decompress_rle24               
080015a4  __TI_dtors_ptr                      
00000000  __TI_static_base__                  
00006a04  __TI_zero_init                      
0000693c  __aeabi_d2uiz                       
00005760  __aeabi_dadd                        
00005d20  __aeabi_ddiv                        
00005754  __aeabi_dsub                        
00006650  __aeabi_memclr                      
00006650  __aeabi_memclr4                     
00006650  __aeabi_memclr8                     
00005eb0  __aeabi_memcpy                      
00005eb0  __aeabi_memcpy4                     
00005eb0  __aeabi_memcpy8                     
00006654  __aeabi_memset                      
00006654  __aeabi_memset4                     
00006654  __aeabi_memset8                     
00006998  __aeabi_ui2d                        
ffffffff  __binit__                           
ffffffff  __c_args__                          
00005968  _c_int00                            
000053f0  _coreClearAuxiliaryDataFault_       
0000540c  _coreClearAuxiliaryInstructionFault_
000053b8  _coreClearDataFaultAddress_         
00005380  _coreClearDataFault_                
000053d4  _coreClearInstructionFaultAddress_  
0000539c  _coreClearInstructionFault_         
000052e4  _coreDisableEventBusExport_         
00005348  _coreDisableFlashEcc_               
00005314  _coreDisableRamEcc_                 
000052cc  _coreEnableEventBusExport_          
0000532c  _coreEnableFlashEcc_                
00005360  _coreEnableIrqVicOffset_            
000052fc  _coreEnableRamEcc_                  
000053e8  _coreGetAuxiliaryDataFault_         
00005404  _coreGetAuxiliaryInstructionFault_  
000053b0  _coreGetDataFaultAddress_           
00005378  _coreGetDataFault_                  
000053cc  _coreGetInstructionFaultAddress_    
00005394  _coreGetInstructionFault_           
000051a8  _coreInitRegisters_                 
00005260  _coreInitStackPointer_              
00006494  _dabort                             
00005428  _disable_FIQ_interrupt_             
00005430  _disable_IRQ_interrupt_             
00005420  _disable_interrupt_                 
00005438  _enable_interrupt_                  
000054c8  _errata_CORTEXR4_66_                
00005440  _esmCcmErrorsClear_                 
000052ac  _getCPSRValue_                      
000052b4  _gotoCPUIdle_                       
08001598  _lock                               
000069e4  _nop                                
00006304  _pmuDisableCountersGlobal_          
000062ec  _pmuEnableCountersGlobal_           
00006380  _pmuGetCycleCount_                  
00006388  _pmuGetEventCount_                  
00006394  _pmuGetOverflow_                    
00006298  _pmuInit_                           
0000634c  _pmuResetCounters_                  
0000631c  _pmuResetCycleCounter_              
00006334  _pmuResetEventCounters_             
00006374  _pmuSetCountEvent_                  
00006364  _pmuStartCounters_                  
0000636c  _pmuStopCounters_                   
000069d8  _register_lock                      
000069cc  _register_unlock                    
0800159c  _unlock                             
000068cc  abort                               
00001004  adc1ParityCheck                     
ffffffff  binit                               
00002ee0  can1GetConfigValue                  
00005b70  can1HighLevelInterrupt              
000010bc  can1ParityCheck                     
00003038  can2GetConfigValue                  
00005c30  can2HighLevelInterrupt              
00001198  can2ParityCheck                     
00002d80  canDisableErrorNotification         
00002d60  canDisableStatusChangeNotification  
00002dd8  canDisableloopback                  
00002d20  canEnableErrorNotification          
00002d40  canEnableStatusChangeNotification   
00002da0  canEnableloopback                   
000061d8  canErrorNotification                
00002ad0  canFillMessageObjectData            
00002800  canGetData                          
00002cfc  canGetErrorLevel                    
00002950  canGetID                            
00002cd8  canGetLastError                     
00002510  canInit                             
00002ec4  canIoRxGetBit                       
00002e08  canIoSetDirection                   
00002e58  canIoSetPort                        
00002ea8  canIoTxGetBit                       
00002c7c  canIsMessageBoxValid                
00002c20  canIsRxMessageArrived               
00002bc4  canIsTxMessagePending               
00006200  canMessageNotification              
00002a30  canSendRemoteFrame                  
000061ec  canStatusChangeNotification         
0000270c  canTransmit                         
000029b8  canUpdateID                         
00000030  ccmSelfCheck                        
00002034  ccmr4GetConfigValue                 
00000938  checkB0RAMECC                       
00000b28  checkB1RAMECC                       
00001604  checkClockMonitor                   
00000d18  checkFlashECC                       
000016d8  checkFlashEEPROMECC                 
00001880  checkPLL1Slip                       
0000199c  checkRAMAddrParity                  
000013bc  checkRAMECC                         
00001aa4  checkRAMUERRTest                    
000007bc  checkefcSelfTest                    
08001580  cnt                                 
00006840  copy_in                             
00000234  cpuSelfTest                         
00000dfc  cpuSelfTestFail                     
00000df4  custom_dabort                       
00002424  disableParity                       
08001594  dptr                                
00006598  dumpSomeData                        
00000660  efcCheck                            
00001f98  efcGetConfigValue                   
00000794  efcSelfTest                         
000006e8  efcStuckZeroTest                    
000023d0  enableParity                        
000020b0  errata_PBIST_4                      
08001584  error                               
00004d4c  esmActivateNormalOperation          
00004e30  esmClearStatus                      
00004e7c  esmClearStatusBuffer                
00004d10  esmDisableError                     
00004d88  esmDisableInterrupt                 
00004ce4  esmEnableError                      
00004d5c  esmEnableInterrupt                  
00004f7c  esmEnterSelfTest                    
00004cc8  esmError                            
00005054  esmGetConfigValue                   
00004eb8  esmGetStatus                        
00004f44  esmGetStatusBuffer                  
00006180  esmGroup1Notification               
00006190  esmGroup2Notification               
000063a8  esmHighInterrupt                    
00004bc0  esmInit                             
00005004  esmSelfTestStatus                   
00004e98  esmSetCounterPreloadValue           
00004db4  esmSetInterruptLevel                
00004d3c  esmTriggerErrorPinReset             
000068d8  exit                                
00001c00  fmcBus1ParityCheck                  
0000085c  fmcBus2Check                        
00000898  fmcECCcheck                         
00000eac  het1ParityCheck                     
00000f4c  htu1ParityCheck                     
0000657c  main                                
00003368  mapClocks                           
00005eb0  memcpy                              
00000174  memoryInit                          
000061a0  memoryPort0TestFailNotification     
000061bc  memoryPort1TestFailNotification     
00006660  memset                              
00001260  mibspi1ParityCheck                  
00006030  muxInit                             
00001d2c  pbistFail                           
00001db0  pbistGetConfigValue                 
000005a8  pbistIsTestCompleted                
000005d4  pbistIsTestPassed                   
00000608  pbistPortTestStatus                 
000004ac  pbistRun                            
000002cc  pbistSelfCheck                      
00000578  pbistStop                           
00003314  periphInit                          
00006a1c  phantomInterrupt                    
000060b8  pinmuxGetConfigValue                
00000000  resetEntry                          
08001500  rx_data                             
08001590  rx_ptr                              
00004970  sciDisableLoopback                  
000049c8  sciDisableNotification              
0000493c  sciEnableLoopback                   
0000498c  sciEnableNotification               
0000453c  sciInit                             
00004824  sciIsIdleDetected                   
00004808  sciIsRxReady                        
000046e8  sciIsTxReady                        
00006274  sciNotification                     
0000489c  sciReceive                          
00004870  sciReceiveByte                      
00004840  sciRxError                          
00004734  sciSend                             
00004704  sciSendByte                         
00004648  sciSetBaudrate                      
00004628  sciSetFunctional                    
00004a14  scilinGetConfigValue                
00000020  selftestFailNotification            
000032d4  setupFlash                          
0000323c  setupPLL                            
00003ab4  sramGetConfigValue                  
00001ef8  stcGetConfigValue                   
000001b8  stcSelfCheck                        
00000df8  stcSelfCheckFail                    
00003548  systemGetConfigValue                
0000344c  systemInit                          
00003518  systemPowerDown                     
00003908  tcmflashGetConfigValue              
0000328c  trimLPO                             
08001540  tx_data                             
08001588  tx_done                             
0800158c  tx_ptr                              
00003d74  vimChannelMap                       
00003f70  vimDisableInterrupt                 
00003e18  vimEnableInterrupt                  
00003ff4  vimGetConfigValue                   
00003ca0  vimInit                             
00000e00  vimParityCheck                      
000054e8  vimParityErrorHandler               


GLOBAL SYMBOLS: SORTED BY Symbol Address 

address   name                                
-------   ----                                
00000000  __TI_static_base__                  
00000000  resetEntry                          
00000020  selftestFailNotification            
00000030  ccmSelfCheck                        
00000174  memoryInit                          
000001b8  stcSelfCheck                        
00000234  cpuSelfTest                         
000002cc  pbistSelfCheck                      
000004ac  pbistRun                            
00000578  pbistStop                           
000005a8  pbistIsTestCompleted                
000005d4  pbistIsTestPassed                   
00000608  pbistPortTestStatus                 
00000660  efcCheck                            
000006e8  efcStuckZeroTest                    
00000794  efcSelfTest                         
000007bc  checkefcSelfTest                    
0000085c  fmcBus2Check                        
00000898  fmcECCcheck                         
00000938  checkB0RAMECC                       
00000b28  checkB1RAMECC                       
00000d18  checkFlashECC                       
00000df4  custom_dabort                       
00000df8  stcSelfCheckFail                    
00000dfc  cpuSelfTestFail                     
00000e00  vimParityCheck                      
00000eac  het1ParityCheck                     
00000f4c  htu1ParityCheck                     
00001004  adc1ParityCheck                     
000010bc  can1ParityCheck                     
00001198  can2ParityCheck                     
00001260  mibspi1ParityCheck                  
000013bc  checkRAMECC                         
00001604  checkClockMonitor                   
000016d8  checkFlashEEPROMECC                 
00001880  checkPLL1Slip                       
0000199c  checkRAMAddrParity                  
00001aa4  checkRAMUERRTest                    
00001c00  fmcBus1ParityCheck                  
00001d2c  pbistFail                           
00001db0  pbistGetConfigValue                 
00001ef8  stcGetConfigValue                   
00001f98  efcGetConfigValue                   
00002034  ccmr4GetConfigValue                 
000020b0  errata_PBIST_4                      
000023d0  enableParity                        
00002424  disableParity                       
00002510  canInit                             
0000270c  canTransmit                         
00002800  canGetData                          
00002950  canGetID                            
000029b8  canUpdateID                         
00002a30  canSendRemoteFrame                  
00002ad0  canFillMessageObjectData            
00002bc4  canIsTxMessagePending               
00002c20  canIsRxMessageArrived               
00002c7c  canIsMessageBoxValid                
00002cd8  canGetLastError                     
00002cfc  canGetErrorLevel                    
00002d20  canEnableErrorNotification          
00002d40  canEnableStatusChangeNotification   
00002d60  canDisableStatusChangeNotification  
00002d80  canDisableErrorNotification         
00002da0  canEnableloopback                   
00002dd8  canDisableloopback                  
00002e08  canIoSetDirection                   
00002e58  canIoSetPort                        
00002ea8  canIoTxGetBit                       
00002ec4  canIoRxGetBit                       
00002ee0  can1GetConfigValue                  
00003038  can2GetConfigValue                  
0000323c  setupPLL                            
0000328c  trimLPO                             
000032d4  setupFlash                          
00003314  periphInit                          
00003368  mapClocks                           
0000344c  systemInit                          
00003518  systemPowerDown                     
00003548  systemGetConfigValue                
00003908  tcmflashGetConfigValue              
00003ab4  sramGetConfigValue                  
00003ca0  vimInit                             
00003d74  vimChannelMap                       
00003e18  vimEnableInterrupt                  
00003f70  vimDisableInterrupt                 
00003ff4  vimGetConfigValue                   
0000453c  sciInit                             
00004628  sciSetFunctional                    
00004648  sciSetBaudrate                      
000046e8  sciIsTxReady                        
00004704  sciSendByte                         
00004734  sciSend                             
00004808  sciIsRxReady                        
00004824  sciIsIdleDetected                   
00004840  sciRxError                          
00004870  sciReceiveByte                      
0000489c  sciReceive                          
0000493c  sciEnableLoopback                   
00004970  sciDisableLoopback                  
0000498c  sciEnableNotification               
000049c8  sciDisableNotification              
00004a14  scilinGetConfigValue                
00004bc0  esmInit                             
00004cc8  esmError                            
00004ce4  esmEnableError                      
00004d10  esmDisableError                     
00004d3c  esmTriggerErrorPinReset             
00004d4c  esmActivateNormalOperation          
00004d5c  esmEnableInterrupt                  
00004d88  esmDisableInterrupt                 
00004db4  esmSetInterruptLevel                
00004e30  esmClearStatus                      
00004e7c  esmClearStatusBuffer                
00004e98  esmSetCounterPreloadValue           
00004eb8  esmGetStatus                        
00004f44  esmGetStatusBuffer                  
00004f7c  esmEnterSelfTest                    
00005004  esmSelfTestStatus                   
00005054  esmGetConfigValue                   
000051a8  _coreInitRegisters_                 
00005260  _coreInitStackPointer_              
000052ac  _getCPSRValue_                      
000052b4  _gotoCPUIdle_                       
000052cc  _coreEnableEventBusExport_          
000052e4  _coreDisableEventBusExport_         
000052fc  _coreEnableRamEcc_                  
00005314  _coreDisableRamEcc_                 
0000532c  _coreEnableFlashEcc_                
00005348  _coreDisableFlashEcc_               
00005360  _coreEnableIrqVicOffset_            
00005378  _coreGetDataFault_                  
00005380  _coreClearDataFault_                
00005394  _coreGetInstructionFault_           
0000539c  _coreClearInstructionFault_         
000053b0  _coreGetDataFaultAddress_           
000053b8  _coreClearDataFaultAddress_         
000053cc  _coreGetInstructionFaultAddress_    
000053d4  _coreClearInstructionFaultAddress_  
000053e8  _coreGetAuxiliaryDataFault_         
000053f0  _coreClearAuxiliaryDataFault_       
00005404  _coreGetAuxiliaryInstructionFault_  
0000540c  _coreClearAuxiliaryInstructionFault_
00005420  _disable_interrupt_                 
00005428  _disable_FIQ_interrupt_             
00005430  _disable_IRQ_interrupt_             
00005438  _enable_interrupt_                  
00005440  _esmCcmErrorsClear_                 
000054c8  _errata_CORTEXR4_66_                
000054e0  __TI_PINIT_Base                     
000054e4  __TI_PINIT_Limit                    
000054e8  vimParityErrorHandler               
00005754  __aeabi_dsub                        
00005760  __aeabi_dadd                        
00005968  _c_int00                            
00005b70  can1HighLevelInterrupt              
00005c30  can2HighLevelInterrupt              
00005d20  __aeabi_ddiv                        
00005eb0  __aeabi_memcpy                      
00005eb0  __aeabi_memcpy4                     
00005eb0  __aeabi_memcpy8                     
00005eb0  memcpy                              
00006030  muxInit                             
000060b8  pinmuxGetConfigValue                
00006180  esmGroup1Notification               
00006190  esmGroup2Notification               
000061a0  memoryPort0TestFailNotification     
000061bc  memoryPort1TestFailNotification     
000061d8  canErrorNotification                
000061ec  canStatusChangeNotification         
00006200  canMessageNotification              
00006274  sciNotification                     
00006298  _pmuInit_                           
000062ec  _pmuEnableCountersGlobal_           
00006304  _pmuDisableCountersGlobal_          
0000631c  _pmuResetCycleCounter_              
00006334  _pmuResetEventCounters_             
0000634c  _pmuResetCounters_                  
00006364  _pmuStartCounters_                  
0000636c  _pmuStopCounters_                   
00006374  _pmuSetCountEvent_                  
00006380  _pmuGetCycleCount_                  
00006388  _pmuGetEventCount_                  
00006394  _pmuGetOverflow_                    
000063a8  esmHighInterrupt                    
00006494  _dabort                             
0000657c  main                                
00006598  dumpSomeData                        
00006650  __aeabi_memclr                      
00006650  __aeabi_memclr4                     
00006650  __aeabi_memclr8                     
00006654  __aeabi_memset                      
00006654  __aeabi_memset4                     
00006654  __aeabi_memset8                     
00006660  memset                              
00006700  __TI_auto_init                      
00006840  copy_in                             
000068c4  C$$EXIT                             
000068cc  abort                               
000068d8  exit                                
0000693c  __aeabi_d2uiz                       
00006998  __aeabi_ui2d                        
000069cc  _register_unlock                    
000069d8  _register_lock                      
000069e4  _nop                                
000069f0  __TI_decompress_none                
00006a04  __TI_zero_init                      
00006a14  __TI_decompress_rle24               
00006a1c  phantomInterrupt                    
00006bc0  __TI_Handler_Table_Base             
00006bcc  __TI_Handler_Table_Limit            
00006bd8  __TI_CINIT_Base                     
00006be8  __TI_CINIT_Limit                    
08001500  rx_data                             
08001540  tx_data                             
08001580  cnt                                 
08001584  error                               
08001588  tx_done                             
0800158c  tx_ptr                              
08001590  rx_ptr                              
08001594  dptr                                
08001598  _lock                               
0800159c  _unlock                             
080015a0  __TI_cleanup_ptr                    
080015a4  __TI_dtors_ptr                      
ffffffff  __binit__                           
ffffffff  __c_args__                          
ffffffff  binit                               
UNDEFED   SHT$$INIT_ARRAY$$Base               
UNDEFED   SHT$$INIT_ARRAY$$Limit              

[229 symbols]
